Archive member included because of file (symbol)

contiki-sky.a(contiki-sky-pla)
                              obj_sky/contiki-sky-main.o (init_platform)
contiki-sky.a(sht11-sensor.o)
                              sensor1.co (sht11_sensor)
contiki-sky.a(button-sensor.o)
                              contiki-sky.a(contiki-sky-pla) (button_sensor)
contiki-sky.a(ds2411.o)       obj_sky/contiki-sky-main.o (ds2411_init)
contiki-sky.a(xmem.o)         obj_sky/contiki-sky-main.o (xmem_init)
contiki-sky.a(node-id.o)      obj_sky/contiki-sky-main.o (node_id_restore)
contiki-sky.a(sensors.o)      contiki-sky.a(button-sensor.o) (sensors_changed)
contiki-sky.a(cc2420.o)       obj_sky/contiki-sky-main.o (cc2420_set_pan_addr)
contiki-sky.a(cc2420-arch.o)  contiki-sky.a(cc2420.o) (cc2420_arch_init)
contiki-sky.a(uart1.o)        obj_sky/contiki-sky-main.o (uart1_active)
contiki-sky.a(uart1-putchar.o)
                              obj_sky/contiki-sky-main.o (putchar)
contiki-sky.a(msp430.o)       contiki-sky.a(uart1.o) (msp430_add_lpm_req)
contiki-sky.a(clock.o)        obj_sky/contiki-sky-main.o (clock_init)
contiki-sky.a(leds.o)         obj_sky/contiki-sky-main.o (leds_init)
contiki-sky.a(leds-arch.o)    contiki-sky.a(leds.o) (leds_arch_init)
contiki-sky.a(watchdog.o)     obj_sky/contiki-sky-main.o (watchdog_start)
contiki-sky.a(rtimer-arch.o)  obj_sky/contiki-sky-main.o (rtimer_arch_now)
contiki-sky.a(autostart.o)    obj_sky/contiki-sky-main.o (autostart_start)
contiki-sky.a(ctimer.o)       obj_sky/contiki-sky-main.o (ctimer_init)
contiki-sky.a(energest.o)     obj_sky/contiki-sky-main.o (energest_init)
contiki-sky.a(etimer.o)       contiki-sky.a(clock.o) (etimer_request_poll)
contiki-sky.a(process.o)      contiki-sky.a(ctimer.o) (process_current)
contiki-sky.a(rtimer.o)       obj_sky/contiki-sky-main.o (rtimer_init)
contiki-sky.a(timer.o)        obj_sky/contiki-sky-main.o (timer_set)
contiki-sky.a(serial-line.o)  obj_sky/contiki-sky-main.o (serial_line_input_byte)
contiki-sky.a(list.o)         contiki-sky.a(ctimer.o) (list_init)
contiki-sky.a(random.o)       obj_sky/contiki-sky-main.o (random_init)
contiki-sky.a(ringbuf.o)      contiki-sky.a(serial-line.o) (ringbuf_init)
contiki-sky.a(broadcast.o)    sensor1.co (broadcast_open)
contiki-sky.a(channel.o)      contiki-sky.a(broadcast.o) (channel_set_attributes)
contiki-sky.a(rime.o)         obj_sky/contiki-sky-main.o (rime_driver)
contiki-sky.a(unicast.o)      obj_sky/sensor2.o (unicast_open)
contiki-sky.a(csma.o)         obj_sky/contiki-sky-main.o (csma_driver)
contiki-sky.a(mac.o)          contiki-sky.a(csma.o) (mac_call_sent_callback)
contiki-sky.a(linkaddr.o)     obj_sky/contiki-sky-main.o (linkaddr_copy)
contiki-sky.a(packetbuf.o)    contiki-sky.a(rime.o) (packetbuf_compact)
contiki-sky.a(queuebuf.o)     contiki-sky.a(rime.o) (queuebuf_init)
contiki-sky.a(contikimac.o)   obj_sky/contiki-sky-main.o (contikimac_driver)
contiki-sky.a(contikimac-fram)
                              contiki-sky.a(contikimac.o) (contikimac_framer)
contiki-sky.a(nullsec.o)      obj_sky/contiki-sky-main.o (nullsec_driver)
contiki-sky.a(sht11.o)        contiki-sky.a(sht11-sensor.o) (sht11_init)
contiki-sky.a(spi.o)          contiki-sky.a(xmem.o) (spi_init)
contiki-sky.a(compower.o)     contiki-sky.a(contikimac.o) (compower_accumulate)
contiki-sky.a(memb.o)         contiki-sky.a(csma.o) (memb_init)
contiki-sky.a(abc.o)          contiki-sky.a(broadcast.o) (abc_open)
contiki-sky.a(announcement.o)
                              contiki-sky.a(rime.o) (announcement_init)
contiki-sky.a(broadcast-annou)
                              contiki-sky.a(rime.o) (broadcast_announcement_init)
contiki-sky.a(chameleon.o)    contiki-sky.a(rime.o) (chameleon_init)
contiki-sky.a(framer-802154.o)
                              contiki-sky.a(contikimac-fram) (framer_802154)
contiki-sky.a(framer.o)       contiki-sky.a(framer-802154.o) (framer_canonical_create_and_secure)
contiki-sky.a(mac-sequence.o)
                              contiki-sky.a(contikimac.o) (mac_sequence_is_duplicate)
contiki-sky.a(chameleon-bitop)
                              contiki-sky.a(chameleon.o) (chameleon_bitopt)
contiki-sky.a(frame802154.o)  contiki-sky.a(framer-802154.o) (frame802154_hdrlen)
/usr/lib/gcc/msp430/4.6.3/mmpy-16/libgcc.a(_mulsi3.o)
                              contiki-sky.a(csma.o) (__mulsi3)
/usr/lib/gcc/msp430/4.6.3/mmpy-16/libgcc.a(_udivmod16.o)
                              sensor1.co (__umodhi3)
/usr/lib/gcc/msp430/4.6.3/mmpy-16/libgcc.a(_divmod16.o)
                              sensor1.co (__divhi3)
/usr/lib/gcc/msp430/4.6.3/mmpy-16/libgcc.a(_udivmod32.o)
                              obj_sky/contiki-sky-main.o (__udivsi3)
/usr/lib/gcc/msp430/4.6.3/mmpy-16/libgcc.a(_addsub_sf.o)
                              sensor1.co (__subsf3)
/usr/lib/gcc/msp430/4.6.3/mmpy-16/libgcc.a(_mul_sf.o)
                              sensor1.co (__mulsf3)
/usr/lib/gcc/msp430/4.6.3/mmpy-16/libgcc.a(_si_to_sf.o)
[...]
Memory Configuration

Name             Origin             Length             Attributes
sfr              0x00000000         0x00000010
peripheral_8bit  0x00000010         0x000000f0
peripheral_16bit 0x00000100         0x00000100
ram_mirror       0x00000200         0x00000800         xw
infomem          0x00001000         0x00000100
infob            0x00001000         0x00000080
infoa            0x00001080         0x00000080
ram              0x00001100         0x00002800         xw
rom              0x00004000         0x0000bfe0         xr
vectors          0x0000ffe0         0x00000020
bsl              0x00000000         0x00000000
infoc            0x00000000         0x00000000
infod            0x00000000         0x00000000
ram2             0x00000000         0x00000000         xw
usbram           0x00000000         0x00000000         xw
far_rom          0x00000000         0x00000000
*default*        0x00000000         0xffffffff

Linker script and memory map

LOAD /usr/lib/gcc/msp430/4.6.3/mmpy-16/crt0ivtbl16.o
LOAD sensor1.co
LOAD obj_sky/sensor2.o
LOAD obj_sky/contiki-sky-main.o
LOAD contiki-sky.a
LOAD /usr/lib/gcc/msp430/4.6.3/mmpy-16/libgcc.a
LOAD /usr/lib/gcc/msp430/4.6.3/../../../../msp430/lib/mmpy-16/libc.a
LOAD /usr/lib/gcc/msp430/4.6.3/mmpy-16/libgcc.a
LOAD /usr/lib/gcc/msp430/4.6.3/mmpy-16/libcrt0.a
                0x00000080                PROVIDE (__info_segment_size, 0x80)
                0x00001000                PROVIDE (__infob, 0x1000)
                0x00001080                PROVIDE (__infoa, 0x1080)
                0x00000000                __IE1 = 0x0
                0x00000002                __IFG1 = 0x2
                0x00000004                __ME1 = 0x4
                0x00000001                __IE2 = 0x1
                0x00000003                __IFG2 = 0x3
                0x00000005                __ME2 = 0x5
                0x00000120                __WDTCTL = 0x120
                0x00000130                __MPY = 0x130
                0x00000132                __MPYS = 0x132
                0x00000134                __MAC = 0x134
                0x00000136                __MACS = 0x136
                0x00000138                __OP2 = 0x138
                0x0000013a                __RESLO = 0x13a
                0x0000013c                __RESHI = 0x13c
                0x0000013e                __SUMEXT = 0x13e
                0x00000020                __P1IN = 0x20
                0x00000021                __P1OUT = 0x21
                0x00000022                __P1DIR = 0x22
                0x00000023                __P1IFG = 0x23
                0x00000024                __P1IES = 0x24
                0x00000025                __P1IE = 0x25
                0x00000026                __P1SEL = 0x26
                0x00000028                __P2IN = 0x28
                0x00000029                __P2OUT = 0x29
                0x0000002a                __P2DIR = 0x2a
                0x0000002b                __P2IFG = 0x2b
                0x0000002c                __P2IES = 0x2c
                0x0000002d                __P2IE = 0x2d
                0x0000002e                __P2SEL = 0x2e
                0x00000018                __P3IN = 0x18
                0x00000019                __P3OUT = 0x19
                0x0000001a                __P3DIR = 0x1a
                0x0000001b                __P3SEL = 0x1b
                0x0000001c                __P4IN = 0x1c
                0x0000001d                __P4OUT = 0x1d
                0x0000001e                __P4DIR = 0x1e
                0x0000001f                __P4SEL = 0x1f
                0x00000030                __P5IN = 0x30
                0x00000031                __P5OUT = 0x31
                0x00000032                __P5DIR = 0x32
                0x00000033                __P5SEL = 0x33
                0x00000034                __P6IN = 0x34
                0x00000035                __P6OUT = 0x35
                0x00000036                __P6DIR = 0x36
                0x00000037                __P6SEL = 0x37
                0x00000070                __U0CTL = 0x70
                0x00000071                __U0TCTL = 0x71
                0x00000072                __U0RCTL = 0x72
                0x00000073                __U0MCTL = 0x73
                0x00000074                __U0BR0 = 0x74
                0x00000075                __U0BR1 = 0x75
                0x00000076                __U0RXBUF = 0x76
                0x00000077                __U0TXBUF = 0x77
                0x00000078                __U1CTL = 0x78
                0x00000079                __U1TCTL = 0x79
                0x0000007a                __U1RCTL = 0x7a
                0x0000007b                __U1MCTL = 0x7b
                0x0000007c                __U1BR0 = 0x7c
                0x0000007d                __U1BR1 = 0x7d
                0x0000007e                __U1RXBUF = 0x7e
                0x0000007f                __U1TXBUF = 0x7f
                0x00000050                __I2CIE = 0x50
                0x00000051                __I2CIFG = 0x51
                0x00000052                __I2CNDAT = 0x52
                0x00000071                __I2CTCTL = 0x71
                0x00000072                __I2CDCTL = 0x72
                0x00000073                __I2CPSC = 0x73
                0x00000074                __I2CSCLH = 0x74
                0x00000075                __I2CSCLL = 0x75
                0x00000076                __I2CDRB = 0x76
                0x00000076                __I2CDRW = 0x76
                0x00000118                __I2COA = 0x118
                0x0000011a                __I2CSA = 0x11a
                0x0000011c                __I2CIV = 0x11c
                0x0000012e                __TAIV = 0x12e
                0x00000160                __TACTL = 0x160
                0x00000162                __TACCTL0 = 0x162
                0x00000164                __TACCTL1 = 0x164
                0x00000166                __TACCTL2 = 0x166
                0x00000170                __TAR = 0x170
                0x00000172                __TACCR0 = 0x172
                0x00000174                __TACCR1 = 0x174
                0x00000176                __TACCR2 = 0x176
                0x0000011e                __TBIV = 0x11e
                0x00000180                __TBCTL = 0x180
                0x00000182                __TBCCTL0 = 0x182
                0x00000184                __TBCCTL1 = 0x184
                0x00000186                __TBCCTL2 = 0x186
                0x00000188                __TBCCTL3 = 0x188
                0x0000018a                __TBCCTL4 = 0x18a
                0x0000018c                __TBCCTL5 = 0x18c
                0x0000018e                __TBCCTL6 = 0x18e
                0x00000190                __TBR = 0x190
                0x00000192                __TBCCR0 = 0x192
                0x00000194                __TBCCR1 = 0x194
                0x00000196                __TBCCR2 = 0x196
                0x00000198                __TBCCR3 = 0x198
                0x0000019a                __TBCCR4 = 0x19a
                0x0000019c                __TBCCR5 = 0x19c
                0x0000019e                __TBCCR6 = 0x19e
                0x00000056                __DCOCTL = 0x56
                0x00000057                __BCSCTL1 = 0x57
                0x00000058                __BCSCTL2 = 0x58
                0x00000055                __SVSCTL = 0x55
                0x00000128                __FCTL1 = 0x128
                0x0000012a                __FCTL2 = 0x12a
                0x0000012c                __FCTL3 = 0x12c
                0x00000059                __CACTL1 = 0x59
                0x0000005a                __CACTL2 = 0x5a
                0x0000005b                __CAPD = 0x5b
                0x000001a0                __ADC12CTL0 = 0x1a0
                0x000001a2                __ADC12CTL1 = 0x1a2
                0x000001a4                __ADC12IFG = 0x1a4
                0x000001a6                __ADC12IE = 0x1a6
                0x000001a8                __ADC12IV = 0x1a8
                0x00000140                __ADC12MEM0 = 0x140
                0x00000142                __ADC12MEM1 = 0x142
                0x00000144                __ADC12MEM2 = 0x144
                0x00000146                __ADC12MEM3 = 0x146
                0x00000148                __ADC12MEM4 = 0x148
                0x0000014a                __ADC12MEM5 = 0x14a
                0x0000014c                __ADC12MEM6 = 0x14c
                0x0000014e                __ADC12MEM7 = 0x14e
                0x00000150                __ADC12MEM8 = 0x150
                0x00000152                __ADC12MEM9 = 0x152
                0x00000154                __ADC12MEM10 = 0x154
                0x00000156                __ADC12MEM11 = 0x156
                0x00000158                __ADC12MEM12 = 0x158
                0x0000015a                __ADC12MEM13 = 0x15a
                0x0000015c                __ADC12MEM14 = 0x15c
                0x0000015e                __ADC12MEM15 = 0x15e
                0x00000080                __ADC12MCTL0 = 0x80
                0x00000081                __ADC12MCTL1 = 0x81
                0x00000082                __ADC12MCTL2 = 0x82
                0x00000083                __ADC12MCTL3 = 0x83
                0x00000084                __ADC12MCTL4 = 0x84
                0x00000085                __ADC12MCTL5 = 0x85
                0x00000086                __ADC12MCTL6 = 0x86
                0x00000087                __ADC12MCTL7 = 0x87
                0x00000088                __ADC12MCTL8 = 0x88
                0x00000089                __ADC12MCTL9 = 0x89
                0x0000008a                __ADC12MCTL10 = 0x8a
                0x0000008b                __ADC12MCTL11 = 0x8b
                0x0000008c                __ADC12MCTL12 = 0x8c
                0x0000008d                __ADC12MCTL13 = 0x8d
                0x0000008e                __ADC12MCTL14 = 0x8e
                0x0000008f                __ADC12MCTL15 = 0x8f
                0x000001c0                __DAC12_0CTL = 0x1c0
                0x000001c2                __DAC12_1CTL = 0x1c2
                0x000001c8                __DAC12_0DAT = 0x1c8
                0x000001ca                __DAC12_1DAT = 0x1ca
                0x00000122                __DMACTL0 = 0x122
                0x00000124                __DMACTL1 = 0x124
                0x000001e0                __DMA0CTL = 0x1e0
                0x000001e8                __DMA1CTL = 0x1e8
                0x000001f0                __DMA2CTL = 0x1f0
                0x000001e2                __DMA0SA = 0x1e2
                0x000001e4                __DMA0DA = 0x1e4
                0x000001e6                __DMA0SZ = 0x1e6
                0x000001ea                __DMA1SA = 0x1ea
                0x000001ec                __DMA1DA = 0x1ec
                0x000001ee                __DMA1SZ = 0x1ee
                0x000001f2                __DMA2SA = 0x1f2
                0x000001f4                __DMA2DA = 0x1f4
                0x000001f6                __DMA2SZ = 0x1f6

.hash
 *(.hash)

.dynsym
 *(.dynsym)

.dynstr
 *(.dynstr)

.gnu.version
 *(.gnu.version)

.gnu.version_d
 *(.gnu.version_d)

.gnu.version_r
 *(.gnu.version_r)

.rel.init
 *(.rel.init)

.rela.init
 *(.rela.init)

.rel.fini
 *(.rel.fini)

.rela.fini
 *(.rela.fini)

.rel.text
 *(.rel.text .rel.text.* .rel.gnu.linkonce.t.*)

.rela.text
 *(.rela.text .rela.text.* .rela.gnu.linkonce.t.*)

.rel.rodata
 *(.rel.rodata .rel.rodata.* .rel.gnu.linkonce.r.*)

.rela.rodata
 *(.rela.rodata .rela.rodata.* .rela.gnu.linkonce.r.*)

.rel.data
 *(.rel.data .rel.data.* .rel.gnu.linkonce.d.*)

.rela.data
 *(.rela.data .rela.data.* .rela.gnu.linkonce.d.*)

.rel.bss
 *(.rel.bss .rel.bss.* .rel.gnu.linkonce.b.*)

.rela.bss
 *(.rela.bss .rela.bss.* .rela.gnu.linkonce.b.*)

.rel.ctors
 *(.rel.ctors)

.rela.ctors
 *(.rela.ctors)

.rel.dtors
 *(.rel.dtors)

.rela.dtors
 *(.rela.dtors)

.rel.got
 *(.rel.got)

.rela.got
 *(.rela.got)

.rel.plt
 *(.rel.plt)

.rela.plt
 *(.rela.plt)

.text           0x00004000     0x5d8c
                0x00004000                . = ALIGN (0x2)
 *(.init .init.*)
 *(.init0)
 .init0         0x00004000        0x0 /usr/lib/gcc/msp430/4.6.3/mmpy-16/libcrt0.a(_reset_vector__.o)
                0x00004000                _reset_vector__
 *(.init1)
 .init1         0x00004000        0xc /usr/lib/gcc/msp430/4.6.3/mmpy-16/libcrt0.a(__watchdog_support.o)
                0x00004000                __watchdog_support
 *(.init2)
 .init2         0x0000400c        0x4 /usr/lib/gcc/msp430/4.6.3/mmpy-16/libcrt0.a(__init_stack.o)
                0x0000400c                __init_stack
 *(.init3)
 .init3         0x00004010        0x0 /usr/lib/gcc/msp430/4.6.3/mmpy-16/libcrt0.a(__low_level_init.o)
                0x00004010                __low_level_init
 *(.init4)
 .init4         0x00004010       0x18 /usr/lib/gcc/msp430/4.6.3/mmpy-16/libcrt0.a(_copy_data.o)
                0x00004010                __do_copy_data
 .init4         0x00004028       0x16 /usr/lib/gcc/msp430/4.6.3/mmpy-16/libcrt0.a(_clear_bss.o)
                0x00004028                __do_clear_bss
 *(.init5)
 *(.init6)
 *(.init7)
 *(.init8)
 *(.init9)
 .init9         0x0000403e      0x2d0 obj_sky/contiki-sky-main.o
                0x0000403e                main
 *(.fini9)
 .fini9         0x0000430e        0x0 /usr/lib/gcc/msp430/4.6.3/mmpy-16/libcrt0.a(__stop_progExec__.o)
                0x0000430e                __stop_progExec__
 *(.fini8)
 *(.fini7)
 *(.fini6)
 *(.fini5)
 *(.fini4)
 *(.fini3)
 *(.fini2)
 *(.fini1)
 *(.fini0)
 .fini0         0x0000430e        0x6 /usr/lib/gcc/msp430/4.6.3/mmpy-16/libcrt0.a(_endless_loop__.o)
                0x0000430e                _endless_loop__
 *(.fini .fini.*)
                0x00004314                . = ALIGN (0x2)
                0x00004314                __ctors_start = .
 *(.ctors)
                0x00004314                __ctors_end = .
                0x00004314                __dtors_start = .
 *(.dtors)
                0x00004314                __dtors_end = .
                0x00004314                . = ALIGN (0x2)
 *(.text .text.* .gnu.linkonce.t.*)
 .text          0x00004314        0x4 /usr/lib/gcc/msp430/4.6.3/mmpy-16/crt0ivtbl16.o
                0x00004314                __isr_14
                0x00004314                __isr_11
                0x00004314                __isr_2
                0x00004314                __isr_7
                0x00004314                __isr_0
                0x00004314                __isr_8
                0x00004314                __isr_3
                0x00004314                __isr_12
                0x00004314                __isr_13
                0x00004314                __isr_9
 .text.process_thread_sensor1
                0x00004318      0x152 sensor1.co
 .text.broadcast_recv
                0x0000446a       0x4c sensor1.co
 .text.process_thread_sensor2
                0x000044b6       0x88 obj_sky/sensor2.o
 .text.start_network_layer
                0x0000453e       0x3c obj_sky/contiki-sky-main.o
 .text.init_platform
                0x0000457a        0xc contiki-sky.a(contiki-sky-pla)
                0x0000457a                init_platform
 .text.status   0x00004586       0x18 contiki-sky.a(sht11-sensor.o)
 .text.configure
                0x0000459e       0x40 contiki-sky.a(sht11-sensor.o)
 .text.value    0x000045de       0x2e contiki-sky.a(sht11-sensor.o)
 .text.status   0x0000460c       0x16 contiki-sky.a(button-sensor.o)
 .text.configure
                0x00004622       0x52 contiki-sky.a(button-sensor.o)
 .text.value    0x00004674       0x22 contiki-sky.a(button-sensor.o)
 .text.irq_p2   0x00004696       0x8a contiki-sky.a(button-sensor.o)
                0x00004696                irq_p2
                0x00004696                __isr_1
 .text.owreadb  0x00004720       0x52 contiki-sky.a(ds2411.o)
 .text.ds2411_init
                0x00004772      0x122 contiki-sky.a(ds2411.o)
                0x00004772                ds2411_init
 .text.wait_ready
                0x00004894       0x50 contiki-sky.a(xmem.o)
 .text.xmem_init
                0x000048e4       0x3e contiki-sky.a(xmem.o)
                0x000048e4                xmem_init
 .text.xmem_pread
                0x00004922       0xea contiki-sky.a(xmem.o)
                0x00004922                xmem_pread
 .text.node_id_restore
                0x00004a0c       0x38 contiki-sky.a(node-id.o)
                0x00004a0c                node_id_restore
 .text.process_thread_sensors_process
                0x00004a44       0xbe contiki-sky.a(sensors.o)
 .text.sensors_changed
                0x00004b02       0x2a contiki-sky.a(sensors.o)
                0x00004b02                sensors_changed
 .text.get_object
                0x00004b2c        0x4 contiki-sky.a(cc2420.o)
 .text.set_object
                0x00004b30        0x4 contiki-sky.a(cc2420.o)
 .text.strobe   0x00004b34       0x20 contiki-sky.a(cc2420.o)
 .text.getreg   0x00004b54       0x54 contiki-sky.a(cc2420.o)
 .text.setreg   0x00004ba8       0x52 contiki-sky.a(cc2420.o)
 .text.write_ram
                0x00004bfa       0x80 contiki-sky.a(cc2420.o)
 .text.write_fifo_buf
                0x00004c7a       0x40 contiki-sky.a(cc2420.o)
 .text.get_status
                0x00004cba       0x24 contiki-sky.a(cc2420.o)
 .text.set_txpower
                0x00004cde       0x26 contiki-sky.a(cc2420.o)
 .text.cc2420_receiving_packet
                0x00004d04        0xe contiki-sky.a(cc2420.o)
 .text.pending_packet
                0x00004d12        0x8 contiki-sky.a(cc2420.o)
 .text.on       0x00004d1a       0x1e contiki-sky.a(cc2420.o)
 .text.wait_for_transmission
                0x00004d38       0x22 contiki-sky.a(cc2420.o)
 .text.wait_for_status
                0x00004d5a       0x2a contiki-sky.a(cc2420.o)
 .text.getrxdata
                0x00004d84       0x56 contiki-sky.a(cc2420.o)
 .text.flushrx  0x00004dda       0x1a contiki-sky.a(cc2420.o)
 .text.off      0x00004df4       0x5a contiki-sky.a(cc2420.o)
 .text.RELEASE_LOCK
                0x00004e4e       0x28 contiki-sky.a(cc2420.o)
 .text.set_key  0x00004e76       0x18 contiki-sky.a(cc2420.o)
 .text.cc2420_prepare
                0x00004e8e       0x3c contiki-sky.a(cc2420.o)
 .text.cc2420_on
                0x00004eca       0x22 contiki-sky.a(cc2420.o)
                0x00004eca                cc2420_on
 .text.cc2420_off
                0x00004eec       0x30 contiki-sky.a(cc2420.o)
                0x00004eec                cc2420_off
 .text.cc2420_cca
                0x00004f1c       0x5e contiki-sky.a(cc2420.o)
 .text.cc2420_read
                0x00004f7a       0xb0 contiki-sky.a(cc2420.o)
 .text.process_thread_cc2420_process
                0x0000502a       0x50 contiki-sky.a(cc2420.o)
 .text.encrypt  0x0000507a       0x8e contiki-sky.a(cc2420.o)
 .text.cc2420_set_channel
                0x00005108       0x3c contiki-sky.a(cc2420.o)
                0x00005108                cc2420_set_channel
 .text.cc2420_set_pan_addr
                0x00005144       0x4c contiki-sky.a(cc2420.o)
                0x00005144                cc2420_set_pan_addr
 .text.cc2420_interrupt
                0x00005190       0x18 contiki-sky.a(cc2420.o)
                0x00005190                cc2420_interrupt
 .text.cc2420_set_txpower
                0x000051a8        0xe contiki-sky.a(cc2420.o)
                0x000051a8                cc2420_set_txpower
 .text.cc2420_get_txpower
                0x000051b6       0x1e contiki-sky.a(cc2420.o)
                0x000051b6                cc2420_get_txpower
 .text.cc2420_transmit
                0x000051d4      0x12a contiki-sky.a(cc2420.o)
 .text.cc2420_send
                0x000052fe       0x12 contiki-sky.a(cc2420.o)
 .text.cc2420_rssi
                0x00005310       0x4c contiki-sky.a(cc2420.o)
                0x00005310                cc2420_rssi
 .text.get_value
                0x0000535c       0xac contiki-sky.a(cc2420.o)
 .text.cc2420_set_cca_threshold
                0x00005408       0x16 contiki-sky.a(cc2420.o)
                0x00005408                cc2420_set_cca_threshold
 .text.set_value
                0x0000541e       0x8a contiki-sky.a(cc2420.o)
 .text.cc2420_init
                0x000054a8       0xde contiki-sky.a(cc2420.o)
                0x000054a8                cc2420_init
 .text.cc2420_port1_interrupt
                0x00005586       0x62 contiki-sky.a(cc2420-arch.o)
                0x00005586                __isr_4
                0x00005586                cc2420_port1_interrupt
 .text.cc2420_arch_init
                0x000055e8       0x1a contiki-sky.a(cc2420-arch.o)
                0x000055e8                cc2420_arch_init
 .text.handle_rxdma_timer
                0x00005602       0x3a contiki-sky.a(uart1.o)
 .text.uart1_active
                0x0000563c       0x1a contiki-sky.a(uart1.o)
                0x0000563c                uart1_active
 .text.uart1_set_input
                0x00005656       0x20 contiki-sky.a(uart1.o)
                0x00005656                uart1_set_input
 .text.uart1_writeb
                0x00005676       0x1a contiki-sky.a(uart1.o)
                0x00005676                uart1_writeb
 .text.uart1_init
                0x00005690       0xf6 contiki-sky.a(uart1.o)
                0x00005690                uart1_init
 .text.putchar  0x00005786       0x10 contiki-sky.a(uart1-putchar.o)
                0x00005786                putchar
 .text.msp430_init_dco
                0x00005796       0x84 contiki-sky.a(msp430.o)
                0x00005796                msp430_init_dco
 .text.msp430_add_lpm_req
                0x0000581a        0xc contiki-sky.a(msp430.o)
                0x0000581a                msp430_add_lpm_req
 .text.msp430_cpu_init
                0x00005826       0x2a contiki-sky.a(msp430.o)
                0x00005826                msp430_cpu_init
 .text.splhigh_
                0x00005850        0x8 contiki-sky.a(msp430.o)
                0x00005850                splhigh_
 .text.msp430_sync_dco
                0x00005858       0x68 contiki-sky.a(msp430.o)
                0x00005858                msp430_sync_dco
 .text.timera1  0x000058c0      0x11e contiki-sky.a(clock.o)
                0x000058c0                __isr_5
                0x000058c0                timera1
 .text.clock_time
                0x000059de       0x1a contiki-sky.a(clock.o)
                0x000059de                clock_time
 .text.clock_init
                0x000059f8       0x28 contiki-sky.a(clock.o)
                0x000059f8                clock_init
 .text.clock_delay
                0x00005a20        0xc contiki-sky.a(clock.o)
                0x00005a20                clock_delay
 .text.clock_wait
                0x00005a2c       0x34 contiki-sky.a(clock.o)
                0x00005a2c                clock_wait
 .text.show_leds
                0x00005a60       0xf6 contiki-sky.a(leds.o)
 .text.leds_init
                0x00005b56        0xa contiki-sky.a(leds.o)
                0x00005b56                leds_init
 .text.leds_on  0x00005b60        0xa contiki-sky.a(leds.o)
                0x00005b60                leds_on
 .text.leds_off
                0x00005b6a        0xe contiki-sky.a(leds.o)
                0x00005b6a                leds_off
 .text.leds_arch_init
                0x00005b78        0xe contiki-sky.a(leds-arch.o)
                0x00005b78                leds_arch_init
 .text.leds_arch_set
                0x00005b86       0x3a contiki-sky.a(leds-arch.o)
                0x00005b86                leds_arch_set
 .text.watchdog_interrupt
                0x00005bc0        0x6 contiki-sky.a(watchdog.o)
                0x00005bc0                __isr_10
                0x00005bc0                watchdog_interrupt
 .text.watchdog_start
                0x00005bc6       0x14 contiki-sky.a(watchdog.o)
                0x00005bc6                watchdog_start
 .text.watchdog_periodic
                0x00005bda       0x12 contiki-sky.a(watchdog.o)
                0x00005bda                watchdog_periodic
 .text.watchdog_stop
                0x00005bec       0x16 contiki-sky.a(watchdog.o)
                0x00005bec                watchdog_stop
 .text.watchdog_init
                0x00005c02       0x14 contiki-sky.a(watchdog.o)
                0x00005c02                watchdog_init
 .text.rtimer_arch_init
                0x00005c16        0xe contiki-sky.a(rtimer-arch.o)
                0x00005c16                rtimer_arch_init
 .text.rtimer_arch_now
                0x00005c24        0xe contiki-sky.a(rtimer-arch.o)
                0x00005c24                rtimer_arch_now
 .text.timera0  0x00005c32       0x70 contiki-sky.a(rtimer-arch.o)
                0x00005c32                __isr_6
                0x00005c32                timera0
 .text.rtimer_arch_schedule
                0x00005ca2        0x6 contiki-sky.a(rtimer-arch.o)
                0x00005ca2                rtimer_arch_schedule
 .text.autostart_start
                0x00005ca8       0x16 contiki-sky.a(autostart.o)
                0x00005ca8                autostart_start
 .text.process_thread_ctimer_process
                0x00005cbe       0xa4 contiki-sky.a(ctimer.o)
 .text.ctimer_init
                0x00005d62       0x18 contiki-sky.a(ctimer.o)
                0x00005d62                ctimer_init
 .text.ctimer_set
                0x00005d7a       0x50 contiki-sky.a(ctimer.o)
                0x00005d7a                ctimer_set
 .text.ctimer_reset
                0x00005dca       0x30 contiki-sky.a(ctimer.o)
                0x00005dca                ctimer_reset
 .text.ctimer_stop
                0x00005dfa       0x28 contiki-sky.a(ctimer.o)
                0x00005dfa                ctimer_stop
 .text.energest_init
                0x00005e22       0x28 contiki-sky.a(energest.o)
                0x00005e22                energest_init
 .text.energest_type_time
                0x00005e4a       0x46 contiki-sky.a(energest.o)
                0x00005e4a                energest_type_time
 .text.energest_type_set
                0x00005e90        0xe contiki-sky.a(energest.o)
                0x00005e90                energest_type_set
 .text.energest_flush
                0x00005e9e       0x48 contiki-sky.a(energest.o)
                0x00005e9e                energest_flush
 .text.update_time
                0x00005ee6       0x78 contiki-sky.a(etimer.o)
 .text.etimer_request_poll
                0x00005f5e        0xa contiki-sky.a(etimer.o)
                0x00005f5e                etimer_request_poll
 .text.process_thread_etimer_process
                0x00005f68       0xc8 contiki-sky.a(etimer.o)
 .text.add_timer
                0x00006030       0x40 contiki-sky.a(etimer.o)
 .text.etimer_set
                0x00006070       0x12 contiki-sky.a(etimer.o)
                0x00006070                etimer_set
 .text.etimer_reset
                0x00006082       0x12 contiki-sky.a(etimer.o)
                0x00006082                etimer_reset
 .text.etimer_pending
                0x00006094        0xc contiki-sky.a(etimer.o)
                0x00006094                etimer_pending
 .text.etimer_next_expiration_time
                0x000060a0       0x16 contiki-sky.a(etimer.o)
                0x000060a0                etimer_next_expiration_time
 .text.etimer_stop
                0x000060b6       0x3c contiki-sky.a(etimer.o)
                0x000060b6                etimer_stop
 .text.call_process
                0x000060f2       0x4a contiki-sky.a(process.o)
 .text.exit_process
                0x0000613c       0x96 contiki-sky.a(process.o)
 .text.do_poll  0x000061d2       0x30 contiki-sky.a(process.o)
 .text.process_alloc_event
                0x00006202        0xe contiki-sky.a(process.o)
                0x00006202                process_alloc_event
 .text.process_init
                0x00006210       0x1c contiki-sky.a(process.o)
                0x00006210                process_init
 .text.process_run
                0x0000622c       0xa2 contiki-sky.a(process.o)
                0x0000622c                process_run
 .text.process_nevents
                0x000062ce        0xe contiki-sky.a(process.o)
                0x000062ce                process_nevents
 .text.process_post
                0x000062dc       0x54 contiki-sky.a(process.o)
                0x000062dc                process_post
 .text.process_post_synch
                0x00006330       0x12 contiki-sky.a(process.o)
                0x00006330                process_post_synch
 .text.process_start
                0x00006342       0x32 contiki-sky.a(process.o)
                0x00006342                process_start
 .text.process_poll
                0x00006374       0x18 contiki-sky.a(process.o)
                0x00006374                process_poll
 .text.rtimer_init
                0x0000638c        0x6 contiki-sky.a(rtimer.o)
                0x0000638c                rtimer_init
 .text.rtimer_set
                0x00006392       0x24 contiki-sky.a(rtimer.o)
                0x00006392                rtimer_set
 .text.rtimer_run_next
                0x000063b6       0x26 contiki-sky.a(rtimer.o)
                0x000063b6                rtimer_run_next
 .text.timer_set
                0x000063dc       0x1c contiki-sky.a(timer.o)
                0x000063dc                timer_set
 .text.timer_reset
                0x000063f8        0xe contiki-sky.a(timer.o)
                0x000063f8                timer_reset
 .text.timer_expired
                0x00006406       0x2a contiki-sky.a(timer.o)
                0x00006406                timer_expired
 .text.process_thread_serial_line_process
                0x00006430       0x9c contiki-sky.a(serial-line.o)
 .text.serial_line_input_byte
                0x000064cc       0x4a contiki-sky.a(serial-line.o)
                0x000064cc                serial_line_input_byte
 .text.serial_line_init
                0x00006516       0x1c contiki-sky.a(serial-line.o)
                0x00006516                serial_line_init
 .text.list_init
                0x00006532        0x6 contiki-sky.a(list.o)
                0x00006532                list_init
 .text.list_head
                0x00006538        0x4 contiki-sky.a(list.o)
                0x00006538                list_head
 .text.list_tail
                0x0000653c       0x12 contiki-sky.a(list.o)
                0x0000653c                list_tail
 .text.list_remove
                0x0000654e       0x34 contiki-sky.a(list.o)
                0x0000654e                list_remove
 .text.list_push
                0x00006582       0x1a contiki-sky.a(list.o)
                0x00006582                list_push
 .text.list_add
                0x0000659c       0x2a contiki-sky.a(list.o)
                0x0000659c                list_add
 .text.list_length
                0x000065c6       0x10 contiki-sky.a(list.o)
                0x000065c6                list_length
 .text.list_item_next
                0x000065d6        0xc contiki-sky.a(list.o)
                0x000065d6                list_item_next
 .text.random_init
                0x000065e2        0x6 contiki-sky.a(random.o)
                0x000065e2                random_init
 .text.random_rand
                0x000065e8        0x6 contiki-sky.a(random.o)
                0x000065e8                random_rand
 .text.ringbuf_init
                0x000065ee       0x14 contiki-sky.a(ringbuf.o)
                0x000065ee                ringbuf_init
 .text.ringbuf_put
                0x00006602       0x38 contiki-sky.a(ringbuf.o)
                0x00006602                ringbuf_put
 .text.ringbuf_get
                0x0000663a       0x32 contiki-sky.a(ringbuf.o)
                0x0000663a                ringbuf_get
 .text.sent_by_abc
                0x0000666c       0x10 contiki-sky.a(broadcast.o)
 .text.recv_from_abc
                0x0000667c       0x26 contiki-sky.a(broadcast.o)
 .text.broadcast_open
                0x000066a2       0x2a contiki-sky.a(broadcast.o)
                0x000066a2                broadcast_open
 .text.broadcast_close
                0x000066cc        0x6 contiki-sky.a(broadcast.o)
                0x000066cc                broadcast_close
 .text.broadcast_send
                0x000066d2       0x1a contiki-sky.a(broadcast.o)
                0x000066d2                broadcast_send
 .text.channel_init
                0x000066ec        0xa contiki-sky.a(channel.o)
                0x000066ec                channel_init
 .text.channel_open
                0x000066f6       0x10 contiki-sky.a(channel.o)
                0x000066f6                channel_open
 .text.channel_close
                0x00006706        0xc contiki-sky.a(channel.o)
                0x00006706                channel_close
 .text.channel_lookup
                0x00006712       0x20 contiki-sky.a(channel.o)
                0x00006712                channel_lookup
 .text.channel_set_attributes
                0x00006732       0x24 contiki-sky.a(channel.o)
                0x00006732                channel_set_attributes
 .text.input    0x00006756       0x3a contiki-sky.a(rime.o)
 .text.init     0x00006790       0x2e contiki-sky.a(rime.o)
 .text.packet_sent
                0x000067be       0x44 contiki-sky.a(rime.o)
 .text.rime_output
                0x00006802       0x24 contiki-sky.a(rime.o)
                0x00006802                rime_output
 .text.sent_by_broadcast
                0x00006826       0x10 contiki-sky.a(unicast.o)
 .text.recv_from_broadcast
                0x00006836       0x2e contiki-sky.a(unicast.o)
 .text.unicast_open
                0x00006864       0x2a contiki-sky.a(unicast.o)
                0x00006864                unicast_open
 .text.unicast_close
                0x0000688e        0x6 contiki-sky.a(unicast.o)
                0x0000688e                unicast_close
 .text.unicast_send
                0x00006894       0x16 contiki-sky.a(unicast.o)
                0x00006894                unicast_send
 .text.input_packet
                0x000068aa        0x6 contiki-sky.a(csma.o)
 .text.on       0x000068b0        0x6 contiki-sky.a(csma.o)
 .text.off      0x000068b6        0x6 contiki-sky.a(csma.o)
 .text.channel_check_interval
                0x000068bc       0x10 contiki-sky.a(csma.o)
 .text.transmit_packet_list
                0x000068cc       0x24 contiki-sky.a(csma.o)
 .text.send_packet
                0x000068f0      0x184 contiki-sky.a(csma.o)
 .text.init     0x00006a74       0x1a contiki-sky.a(csma.o)
 .text.free_packet
                0x00006a8e       0x98 contiki-sky.a(csma.o)
 .text.packet_sent
                0x00006b26      0x12e contiki-sky.a(csma.o)
 .text.mac_call_sent_callback
                0x00006c54       0x14 contiki-sky.a(mac.o)
                0x00006c54                mac_call_sent_callback
 .text.linkaddr_copy
                0x00006c68        0xc contiki-sky.a(linkaddr.o)
                0x00006c68                linkaddr_copy
 .text.linkaddr_cmp
                0x00006c74       0x12 contiki-sky.a(linkaddr.o)
                0x00006c74                linkaddr_cmp
 .text.linkaddr_set_node_addr
                0x00006c86        0xc contiki-sky.a(linkaddr.o)
                0x00006c86                linkaddr_set_node_addr
 .text.packetbuf_compact
                0x00006c92       0x2e contiki-sky.a(packetbuf.o)
                0x00006c92                packetbuf_compact
 .text.packetbuf_copyto
                0x00006cc0       0x52 contiki-sky.a(packetbuf.o)
                0x00006cc0                packetbuf_copyto
 .text.packetbuf_hdrreduce
                0x00006d12       0x1a contiki-sky.a(packetbuf.o)
                0x00006d12                packetbuf_hdrreduce
 .text.packetbuf_set_datalen
                0x00006d2c        0x6 contiki-sky.a(packetbuf.o)
                0x00006d2c                packetbuf_set_datalen
 .text.packetbuf_dataptr
                0x00006d32        0xe contiki-sky.a(packetbuf.o)
                0x00006d32                packetbuf_dataptr
 .text.packetbuf_hdrptr
                0x00006d40        0xa contiki-sky.a(packetbuf.o)
                0x00006d40                packetbuf_hdrptr
 .text.packetbuf_datalen
                0x00006d4a        0x6 contiki-sky.a(packetbuf.o)
                0x00006d4a                packetbuf_datalen
 .text.packetbuf_hdrlen
                0x00006d50       0x10 contiki-sky.a(packetbuf.o)
                0x00006d50                packetbuf_hdrlen
 .text.packetbuf_totlen
                0x00006d60        0xc contiki-sky.a(packetbuf.o)
                0x00006d60                packetbuf_totlen
 .text.packetbuf_hdralloc
                0x00006d6c       0x2e contiki-sky.a(packetbuf.o)
                0x00006d6c                packetbuf_hdralloc
 .text.packetbuf_attr_clear
                0x00006d9a       0x2c contiki-sky.a(packetbuf.o)
                0x00006d9a                packetbuf_attr_clear
 .text.packetbuf_clear
                0x00006dc6       0x1a contiki-sky.a(packetbuf.o)
                0x00006dc6                packetbuf_clear
 .text.packetbuf_copyfrom
                0x00006de0       0x2e contiki-sky.a(packetbuf.o)
                0x00006de0                packetbuf_copyfrom
 .text.packetbuf_attr_copyto
                0x00006e0e       0x20 contiki-sky.a(packetbuf.o)
                0x00006e0e                packetbuf_attr_copyto
 .text.packetbuf_attr_copyfrom
                0x00006e2e       0x22 contiki-sky.a(packetbuf.o)
                0x00006e2e                packetbuf_attr_copyfrom
 .text.packetbuf_holds_broadcast
                0x00006e50        0xe contiki-sky.a(packetbuf.o)
                0x00006e50                packetbuf_holds_broadcast
 .text.queuebuf_init
                0x00006e5e       0x12 contiki-sky.a(queuebuf.o)
                0x00006e5e                queuebuf_init
 .text.queuebuf_new_from_packetbuf
                0x00006e70       0x52 contiki-sky.a(queuebuf.o)
                0x00006e70                queuebuf_new_from_packetbuf
 .text.queuebuf_update_attr_from_packetbuf
                0x00006ec2       0x12 contiki-sky.a(queuebuf.o)
                0x00006ec2                queuebuf_update_attr_from_packetbuf
 .text.queuebuf_update_from_packetbuf
                0x00006ed4       0x22 contiki-sky.a(queuebuf.o)
                0x00006ed4                queuebuf_update_from_packetbuf
 .text.queuebuf_free
                0x00006ef6       0x2a contiki-sky.a(queuebuf.o)
                0x00006ef6                queuebuf_free
 .text.queuebuf_to_packetbuf
                0x00006f20       0x32 contiki-sky.a(queuebuf.o)
                0x00006f20                queuebuf_to_packetbuf
 .text.queuebuf_attr
                0x00006f52        0xe contiki-sky.a(queuebuf.o)
                0x00006f52                queuebuf_attr
 .text.duty_cycle
                0x00006f60        0x6 contiki-sky.a(contikimac.o)
 .text.init     0x00006f66       0x2a contiki-sky.a(contikimac.o)
 .text.on       0x00006f90       0x1a contiki-sky.a(contikimac.o)
 .text.off      0x00006faa       0x22 contiki-sky.a(contikimac.o)
 .text.recv_burst_off
                0x00006fcc        0xa contiki-sky.a(contikimac.o)
 .text.turn_off
                0x00006fd6       0x20 contiki-sky.a(contikimac.o)
 .text.turn_on  0x00006ff6       0x30 contiki-sky.a(contikimac.o)
 .text.schedule_powercycle_fixed.part.4
                0x00007026       0x36 contiki-sky.a(contikimac.o)
 .text.powercycle_turn_radio_off
                0x0000705c       0x30 contiki-sky.a(contikimac.o)
 .text.powercycle
                0x0000708c      0x1d2 contiki-sky.a(contikimac.o)
 .text.input_packet
                0x0000725e       0xb2 contiki-sky.a(contikimac.o)
 .text.send_packet.isra.7
                0x00007310      0x1ec contiki-sky.a(contikimac.o)
 .text.qsend_list
                0x000074fc       0xc4 contiki-sky.a(contikimac.o)
 .text.qsend_packet
                0x000075c0       0x28 contiki-sky.a(contikimac.o)
 .text.hdr_length
                0x000075e8        0x8 contiki-sky.a(contikimac-fram)
 .text.parse    0x000075f0       0x3e contiki-sky.a(contikimac-fram)
 .text.create   0x0000762e       0x2a contiki-sky.a(contikimac-fram)
 .text.create_and_secure
                0x00007658       0x6a contiki-sky.a(contikimac-fram)
 .text.bootstrap
                0x000076c2        0x4 contiki-sky.a(nullsec.o)
 .text.send     0x000076c6        0xa contiki-sky.a(nullsec.o)
 .text.on_frame_created
                0x000076d0        0x4 contiki-sky.a(nullsec.o)
 .text.input    0x000076d4        0x6 contiki-sky.a(nullsec.o)
 .text.get_overhead
                0x000076da        0x4 contiki-sky.a(nullsec.o)
 .text.crc8_add
                0x000076de       0x1c contiki-sky.a(sht11.o)
 .text.sstart   0x000076fa       0x3e contiki-sky.a(sht11.o)
 .text.swrite   0x00007738       0x52 contiki-sky.a(sht11.o)
 .text.sread    0x0000778a       0x4e contiki-sky.a(sht11.o)
 .text.sreset   0x000077d8       0x2a contiki-sky.a(sht11.o)
 .text.scmd.part.0
                0x00007802       0xb0 contiki-sky.a(sht11.o)
 .text.sht11_init
                0x000078b2       0x1a contiki-sky.a(sht11.o)
                0x000078b2                sht11_init
 .text.sht11_off
                0x000078cc       0x14 contiki-sky.a(sht11.o)
                0x000078cc                sht11_off
 .text.sht11_temp
                0x000078e0        0xa contiki-sky.a(sht11.o)
                0x000078e0                sht11_temp
 .text.sht11_humidity
                0x000078ea        0xa contiki-sky.a(sht11.o)
                0x000078ea                sht11_humidity
 .text.sht11_sreg
                0x000078f4       0x7a contiki-sky.a(sht11.o)
                0x000078f4                sht11_sreg
 .text.spi_init
                0x0000796e       0x32 contiki-sky.a(spi.o)
                0x0000796e                spi_init
 .text.compower_accumulate
                0x000079a0       0x72 contiki-sky.a(compower.o)
                0x000079a0                compower_accumulate
 .text.compower_clear
                0x00007a12       0x12 contiki-sky.a(compower.o)
                0x00007a12                compower_clear
 .text.compower_attrconv
                0x00007a24       0x10 contiki-sky.a(compower.o)
                0x00007a24                compower_attrconv
 .text.memb_init
                0x00007a34       0x36 contiki-sky.a(memb.o)
                0x00007a34                memb_init
 .text.memb_alloc
                0x00007a6a       0x3e contiki-sky.a(memb.o)
                0x00007a6a                memb_alloc
 .text.memb_free
                0x00007aa8       0x3a contiki-sky.a(memb.o)
                0x00007aa8                memb_free
 .text.memb_inmemb
                0x00007ae2       0x2e contiki-sky.a(memb.o)
                0x00007ae2                memb_inmemb
 .text.abc_open
                0x00007b10       0x26 contiki-sky.a(abc.o)
                0x00007b10                abc_open
 .text.abc_close
                0x00007b36        0x6 contiki-sky.a(abc.o)
                0x00007b36                abc_close
 .text.abc_send
                0x00007b3c        0x6 contiki-sky.a(abc.o)
                0x00007b3c                abc_send
 .text.abc_input
                0x00007b42        0xe contiki-sky.a(abc.o)
                0x00007b42                abc_input
 .text.abc_sent
                0x00007b50       0x10 contiki-sky.a(abc.o)
                0x00007b50                abc_sent
 .text.announcement_init
                0x00007b60        0xa contiki-sky.a(announcement.o)
                0x00007b60                announcement_init
 .text.announcement_register_observer_callback
                0x00007b6a        0x6 contiki-sky.a(announcement.o)
                0x00007b6a                announcement_register_observer_callback
 .text.announcement_list
                0x00007b70        0xa contiki-sky.a(announcement.o)
                0x00007b70                announcement_list
 .text.announcement_heard
                0x00007b7a       0x42 contiki-sky.a(announcement.o)
                0x00007b7a                announcement_heard
 .text.adv_packet_sent
                0x00007bbc        0x2 contiki-sky.a(broadcast-annou)
 .text.adv_packet_received
                0x00007bbe       0x66 contiki-sky.a(broadcast-annou)
 .text.set_timers
                0x00007c24       0x4a contiki-sky.a(broadcast-annou)
 .text.send_timer
                0x00007c6e       0x36 contiki-sky.a(broadcast-annou)
 .text.new_announcement
                0x00007ca4       0x18 contiki-sky.a(broadcast-annou)
 .text.send_adv
                0x00007cbc       0x66 contiki-sky.a(broadcast-annou)
 .text.broadcast_announcement_init
                0x00007d22       0x48 contiki-sky.a(broadcast-annou)
                0x00007d22                broadcast_announcement_init
 .text.chameleon_init
                0x00007d6a        0x6 contiki-sky.a(chameleon.o)
                0x00007d6a                chameleon_init
 .text.chameleon_parse
                0x00007d70       0x10 contiki-sky.a(chameleon.o)
                0x00007d70                chameleon_parse
 .text.chameleon_create
                0x00007d80       0x1c contiki-sky.a(chameleon.o)
                0x00007d80                chameleon_create
 .text.chameleon_hdrsize
                0x00007d9c        0x6 contiki-sky.a(chameleon.o)
                0x00007d9c                chameleon_hdrsize
 .text.parse    0x00007da2       0x9e contiki-sky.a(framer-802154.o)
 .text.create_frame.isra.0
                0x00007e40      0x104 contiki-sky.a(framer-802154.o)
 .text.create   0x00007f44        0x8 contiki-sky.a(framer-802154.o)
 .text.hdr_length
                0x00007f4c        0x8 contiki-sky.a(framer-802154.o)
 .text.framer_canonical_create_and_secure
                0x00007f54       0x20 contiki-sky.a(framer.o)
                0x00007f54                framer_canonical_create_and_secure
 .text.mac_sequence_is_duplicate
                0x00007f74       0x3c contiki-sky.a(mac-sequence.o)
                0x00007f74                mac_sequence_is_duplicate
 .text.mac_sequence_register_seqno
                0x00007fb0       0x64 contiki-sky.a(mac-sequence.o)
                0x00007fb0                mac_sequence_register_seqno
 .text.header_size
                0x00008014       0x16 contiki-sky.a(chameleon-bitop)
 .text.get_bits_in_byte
                0x0000802a       0x3a contiki-sky.a(chameleon-bitop)
                0x0000802a                get_bits_in_byte
 .text.get_bits
                0x00008064       0xa4 contiki-sky.a(chameleon-bitop)
                0x00008064                get_bits
 .text.unpack_header
                0x00008108       0xd6 contiki-sky.a(chameleon-bitop)
 .text.set_bits_in_byte
                0x000081de       0x2c contiki-sky.a(chameleon-bitop)
                0x000081de                set_bits_in_byte
 .text.set_bits
                0x0000820a       0xd2 contiki-sky.a(chameleon-bitop)
                0x0000820a                set_bits
 .text.pack_header
                0x000082dc       0xbc contiki-sky.a(chameleon-bitop)
 .text.field_len
                0x00008398       0x98 contiki-sky.a(frame802154.o)
 .text.frame802154_hdrlen
                0x00008430       0x2e contiki-sky.a(frame802154.o)
                0x00008430                frame802154_hdrlen
 .text.frame802154_create
                0x0000845e      0x146 contiki-sky.a(frame802154.o)
                0x0000845e                frame802154_create
 .text.frame802154_parse
                0x000085a4      0x1da contiki-sky.a(frame802154.o)
                0x000085a4                frame802154_parse
 .text.libgcc   0x0000877e       0x2c /usr/lib/gcc/msp430/4.6.3/mmpy-16/libgcc.a(_mulsi3.o)
                0x0000877e                __mulsi3
 .text.libgcc   0x000087aa       0x22 /usr/lib/gcc/msp430/4.6.3/mmpy-16/libgcc.a(_udivmod16.o)
                0x000087aa                __udivhi3
                0x000087aa                __ext_udivmod16
                0x000087c4                __umodhi3
 .text.libgcc   0x000087cc       0x3a /usr/lib/gcc/msp430/4.6.3/mmpy-16/libgcc.a(_divmod16.o)
                0x000087cc                __ext_divmod16
                0x000087cc                __divhi3
                0x000087fe                __modhi3
 .text.libgcc   0x00008806       0x40 /usr/lib/gcc/msp430/4.6.3/mmpy-16/libgcc.a(_udivmod32.o)
                0x00008806                __udivsi3
                0x00008806                __ext_udivmod32
                0x0000883c                __umodsi3
 .text          0x00008846      0x32e /usr/lib/gcc/msp430/4.6.3/mmpy-16/libgcc.a(_addsub_sf.o)
                0x00008ad8                __addsf3
                0x00008b24                __subsf3
 .text          0x00008b74      0x224 /usr/lib/gcc/msp430/4.6.3/mmpy-16/libgcc.a(_mul_sf.o)
                0x00008b74                __mulsf3
 .text          0x00008d98       0xa6 /usr/lib/gcc/msp430/4.6.3/mmpy-16/libgcc.a(_si_to_sf.o)
                0x00008d98                __floatsisf
 .text          0x00008e3e       0x90 /usr/lib/gcc/msp430/4.6.3/mmpy-16/libgcc.a(_sf_to_si.o)
                0x00008e3e                __fixsfsi
 .text          0x00008ece       0x72 /usr/lib/gcc/msp430/4.6.3/mmpy-16/libgcc.a(_clzsi2.o)
                0x00008ece                __clzsi2
 .text          0x00008f40      0x1de /usr/lib/gcc/msp430/4.6.3/mmpy-16/libgcc.a(_pack_sf.o)
                0x00008f40                __pack_f
 .text          0x0000911e      0x124 /usr/lib/gcc/msp430/4.6.3/mmpy-16/libgcc.a(_unpack_sf.o)
                0x0000911e                __unpack_f
 .text          0x00009242       0x20 /usr/lib/gcc/msp430/4.6.3/../../../../msp430/lib/mmpy-16/libc.a(memcmp.o)
                0x00009242                memcmp
 .text          0x00009262       0xfa /usr/lib/gcc/msp430/4.6.3/../../../../msp430/lib/mmpy-16/libc.a(memcpy.o)
                0x00009262                memcpy
 .text          0x0000935c       0x6a /usr/lib/gcc/msp430/4.6.3/../../../../msp430/lib/mmpy-16/libc.a(memset.o)
                0x0000935c                memset
 .text          0x000093c6       0x1e /usr/lib/gcc/msp430/4.6.3/../../../../msp430/lib/mmpy-16/libc.a(printf.o)
                0x000093c6                printf
                0x000093d6                vprintf
 .text          0x000093e4      0x836 /usr/lib/gcc/msp430/4.6.3/../../../../msp430/lib/mmpy-16/libc.a(vuprintf.o)
                0x0000957c                vuprintf
 .text          0x00009c1a       0x2c /usr/lib/gcc/msp430/4.6.3/../../../../msp430/lib/mmpy-16/libc.a(puts.o)
                0x00009c1a                puts
 .text          0x00009c46       0x54 /usr/lib/gcc/msp430/4.6.3/../../../../msp430/lib/mmpy-16/libc.a(rand.o)
                0x00009c46                rand_r
                0x00009c6a                rand
                0x00009c90                srand
 .text.libgcc   0x00009c9a       0xf0 /usr/lib/gcc/msp430/4.6.3/mmpy-16/libgcc.a(_udivmod64.o)
                0x00009c9a                __xabi_udivmod64
                0x00009cf8                __udivdi3
                0x00009d1e                __umoddi3
                0x00009d4c                __udivmoddi4
 .text.crt0     0x00009d8a        0x2 /usr/lib/gcc/msp430/4.6.3/mmpy-16/libcrt0.a(_unexpected_.o)
                0x00009d8a                _unexpected_
                0x00009d8c                . = ALIGN (0x2)

.rodata         0x00009d8c      0x370
                0x00009d8c                . = ALIGN (0x2)
 *(.rodata .rodata.* .gnu.linkonce.r.*)
 .rodata        0x00009d8c       0x3e sensor1.co
                0x00009dbe                autostart_processes
 .rodata        0x00009dca        0x6 obj_sky/sensor2.o
 .rodata        0x00009dd0       0xe5 obj_sky/contiki-sky-main.o
 *fill*         0x00009eb5        0x1 00
 .rodata        0x00009eb6        0xe contiki-sky.a(sht11-sensor.o)
                0x00009ebc                sht11_sensor
 .rodata        0x00009ec4       0x10 contiki-sky.a(button-sensor.o)
                0x00009ecc                button_sensor
 .rodata        0x00009ed4        0x8 contiki-sky.a(sensors.o)
 .rodata        0x00009edc       0x5a contiki-sky.a(cc2420.o)
                0x00009ef8                cc2420_aes_128_driver
                0x00009efc                cc2420_driver
 .rodata        0x00009f36        0xf contiki-sky.a(ctimer.o)
 .rodata        0x00009f45        0xc contiki-sky.a(etimer.o)
 .rodata        0x00009f51        0xe contiki-sky.a(serial-line.o)
 *fill*         0x00009f5f        0x1 00
 .rodata        0x00009f60        0x8 contiki-sky.a(broadcast.o)
 .rodata        0x00009f68        0xc contiki-sky.a(rime.o)
                0x00009f6e                rime_driver
 .rodata        0x00009f74        0xa contiki-sky.a(unicast.o)
 .rodata        0x00009f7e       0x14 contiki-sky.a(csma.o)
                0x00009f84                csma_driver
 .rodata        0x00009f92        0x2 contiki-sky.a(linkaddr.o)
                0x00009f92                linkaddr_null
 .rodata        0x00009f94       0x1c contiki-sky.a(contikimac.o)
                0x00009fa0                contikimac_driver
 .rodata        0x00009fb0        0x8 contiki-sky.a(contikimac-fram)
                0x00009fb0                contikimac_framer
 .rodata        0x00009fb8       0x14 contiki-sky.a(nullsec.o)
                0x00009fc0                nullsec_driver
 .rodata        0x00009fcc        0x2 contiki-sky.a(abc.o)
 .rodata        0x00009fce        0x4 contiki-sky.a(broadcast-annou)
 .rodata        0x00009fd2        0x8 contiki-sky.a(framer-802154.o)
                0x00009fd2                framer_802154
 .rodata        0x00009fda       0x10 contiki-sky.a(chameleon-bitop)
                0x00009fda                chameleon_bitopt
 .rodata        0x00009fea        0x2 contiki-sky.a(frame802154.o)
 .rodata        0x00009fec        0x8 /usr/lib/gcc/msp430/4.6.3/mmpy-16/libgcc.a(_thenan_sf.o)
                0x00009fec                __thenan_sf
 .rodata        0x00009ff4      0x100 /usr/lib/gcc/msp430/4.6.3/mmpy-16/libgcc.a(_clz.o)
                0x00009ff4                __clz_tab
 .rodata        0x0000a0f4        0x7 /usr/lib/gcc/msp430/4.6.3/../../../../msp430/lib/mmpy-16/libc.a(vuprintf.o)
                0x0000a0fc                . = ALIGN (0x2)
 *fill*         0x0000a0fb        0x1 00
                0x0000a0fc                _etext = .

.data           0x00001100       0x7a load address 0x0000a0fc
                0x00001100                . = ALIGN (0x2)
                0x00001100                PROVIDE (__data_start, .)
 *(.data .data.* .gnu.linkonce.d.*)
 .data          0x00001100        0xa sensor1.co
                0x00001100                sensor1
 .data          0x0000110a        0xa obj_sky/sensor2.o
                0x0000110a                sensor2
 .data          0x00001114        0x4 contiki-sky.a(contiki-sky-pla)
                0x00001114                sensors
 .data          0x00001118        0x1 contiki-sky.a(sht11-sensor.o)
 *fill*         0x00001119        0x1 00
 .data          0x0000111a        0xa contiki-sky.a(sensors.o)
                0x0000111a                sensors_process
 .data          0x00001124        0xa contiki-sky.a(cc2420.o)
                0x00001124                cc2420_process
 .data          0x0000112e        0x2 contiki-sky.a(msp430.o)
 .data          0x00001130        0xa contiki-sky.a(ctimer.o)
                0x00001130                ctimer_process
 .data          0x0000113a        0xa contiki-sky.a(etimer.o)
                0x0000113a                etimer_process
 .data          0x00001144        0xa contiki-sky.a(serial-line.o)
                0x00001144                serial_line_process
 .data          0x0000114e       0x18 contiki-sky.a(csma.o)
 .data          0x00001166       0x10 contiki-sky.a(queuebuf.o)
 .data          0x00001176        0x4 /usr/lib/gcc/msp430/4.6.3/../../../../msp430/lib/mmpy-16/libc.a(rand.o)
                0x0000117a                . = ALIGN (0x2)
                0x0000117a                _edata = .
                0x0000a0fc                PROVIDE (__data_load_start, LOADADDR (.data))
                0x0000007a                PROVIDE (__data_size, SIZEOF (.data))

.bss            0x0000117a     0x11ec load address 0x0000a176
                0x0000117a                PROVIDE (__bss_start, .)
 *(.bss .bss.*)
 .bss           0x0000117a       0x30 sensor1.co
 .bss           0x000011aa        0xe obj_sky/sensor2.o
 .bss           0x000011b8        0xc obj_sky/contiki-sky-main.o
 .bss           0x000011c4        0x8 contiki-sky.a(button-sensor.o)
 .bss           0x000011cc        0x2 contiki-sky.a(node-id.o)
                0x000011cc                node_id
 .bss           0x000011ce        0x6 contiki-sky.a(sensors.o)
 .bss           0x000011d4        0x8 contiki-sky.a(cc2420.o)
 .bss           0x000011dc       0x9a contiki-sky.a(uart1.o)
 .bss           0x00001276        0xa contiki-sky.a(clock.o)
 .bss           0x00001280        0x1 contiki-sky.a(leds.o)
 *fill*         0x00001281        0x1 00
 .bss           0x00001282        0x2 contiki-sky.a(watchdog.o)
 .bss           0x00001284        0x4 contiki-sky.a(ctimer.o)
 .bss           0x00001288        0x6 contiki-sky.a(etimer.o)
 .bss           0x0000128e       0x42 contiki-sky.a(process.o)
                0x0000128e                process_current
                0x00001290                process_list
 .bss           0x000012d0        0x2 contiki-sky.a(rtimer.o)
 .bss           0x000012d2      0x10a contiki-sky.a(serial-line.o)
 .bss           0x000013dc        0x2 contiki-sky.a(channel.o)
 .bss           0x000013de        0x2 contiki-sky.a(rime.o)
 .bss           0x000013e0      0x128 contiki-sky.a(csma.o)
 .bss           0x00001508       0xb8 contiki-sky.a(packetbuf.o)
 .bss           0x000015c0      0xc20 contiki-sky.a(queuebuf.o)
 .bss           0x000021e0       0x32 contiki-sky.a(contikimac.o)
 .bss           0x00002212        0x8 contiki-sky.a(compower.o)
 .bss           0x0000221a        0x6 contiki-sky.a(announcement.o)
 .bss           0x00002220       0x46 contiki-sky.a(broadcast-annou)
 .bss           0x00002266        0x2 contiki-sky.a(framer-802154.o)
 .bss           0x00002268       0x40 contiki-sky.a(mac-sequence.o)
 *(COMMON)
 COMMON         0x000022a8        0x1 sensor1.co
                0x000022a8                custom_event
 *fill*         0x000022a9        0x1 00
 COMMON         0x000022aa        0x2 contiki-sky.a(contiki-sky-pla)
                0x000022aa                sensors_flags
 COMMON         0x000022ac        0x8 contiki-sky.a(ds2411.o)
                0x000022ac                ds2411_id
 COMMON         0x000022b4        0x1 contiki-sky.a(sensors.o)
                0x000022b4                sensors_event
 *fill*         0x000022b5        0x1 00
 COMMON         0x000022b6       0x10 contiki-sky.a(cc2420.o)
                0x000022b6                cc2420_last_rssi
                0x000022b8                cc2420_sfd_start_time
                0x000022ba                cc2420_time_of_departure
                0x000022bc                cc2420_time_of_arrival
                0x000022be                cc2420_last_correlation
                0x000022c0                cc2420_authority_level_of_sender
                0x000022c2                cc2420_sfd_counter
                0x000022c4                cc2420_sfd_end_time
 COMMON         0x000022c6        0x2 contiki-sky.a(msp430.o)
                0x000022c6                msp430_dco_required
 COMMON         0x000022c8       0x56 contiki-sky.a(energest.o)
                0x000022c8                energest_total_time
                0x000022f8                energest_total_count
                0x000022fa                energest_current_mode
                0x00002306                energest_current_time
 COMMON         0x0000231e        0x1 contiki-sky.a(process.o)
                0x0000231e                process_maxevents
 COMMON         0x0000231f        0x1 contiki-sky.a(serial-line.o)
                0x0000231f                serial_line_event_message
 COMMON         0x00002320        0x2 contiki-sky.a(linkaddr.o)
                0x00002320                linkaddr_node_addr
 COMMON         0x00002322       0x3c contiki-sky.a(packetbuf.o)
                0x00002322                packetbuf_addrs
                0x0000232a                packetbuf_attrs
 COMMON         0x0000235e        0x8 contiki-sky.a(compower.o)
                0x0000235e                compower_idle_activity
                0x00002366                . = ALIGN (0x2)
                0x00002366                PROVIDE (__bss_end, .)
                0x000011ec                PROVIDE (__bss_size, SIZEOF (.bss))

.noinit         0x00002366        0x2 load address 0x0000a176
                0x00002366                PROVIDE (__noinit_start, .)
 *(.noinit .noinit.*)
 .noinit.crt0   0x00002366        0x2 /usr/lib/gcc/msp430/4.6.3/mmpy-16/libcrt0.a(__watchdog_support.o)
                0x00002366                __wdt_clear_value
                0x00002368                . = ALIGN (0x2)
                0x00002368                PROVIDE (__noinit_end, .)
                0x00002368                . = ALIGN (0x2)
                0x00002368                _end = .

.infomem        0x00001000        0x0
 *(.infomem)
                0x00001000                . = ALIGN (0x2)
 *(.infomem.*)

.infomemnobits  0x00001000        0x0
 *(.infomemnobits)
                0x00001000                . = ALIGN (0x2)
 *(.infomemnobits.*)

.infoa
 *(.infoa .infoa.*)

.infob
 *(.infob .infob.*)

.infoc
 *(.infoc .infoc.*)

.infod
 *(.infod .infod.*)

.vectors        0x0000ffe0       0x20
                0x0000ffe0                PROVIDE (__vectors_start, .)
 *(.vectors*)
 .vectors       0x0000ffe0       0x20 /usr/lib/gcc/msp430/4.6.3/mmpy-16/crt0ivtbl16.o
                0x0000ffe0                __ivtbl_16
                0x00010000                _vectors_end = .

.fartext        0x00000000        0x0
                0x00000000                . = ALIGN (0x2)
 *(.fartext)
                0x00000000                . = ALIGN (0x2)
 *(.fartext.*)
                0x00000000                _efartext = .

.profiler
 *(.profiler)

.stab           0x00000000    0x1b1e0
 *(.stab)
 .stab          0x00000000     0x1440 sensor1.co
 .stab          0x00001440      0x540 obj_sky/sensor2.o
                               0x1224 (size before relaxing)
 .stab          0x00001980     0x1074 obj_sky/contiki-sky-main.o
                               0x17ac (size before relaxing)
 .stab          0x000029f4      0x264 contiki-sky.a(contiki-sky-pla)
                                0x5b8 (size before relaxing)
 .stab          0x00002c58      0x3fc contiki-sky.a(sht11-sensor.o)
                                0x948 (size before relaxing)
 .stab          0x00003054      0x468 contiki-sky.a(button-sensor.o)
                                0x7d4 (size before relaxing)
 .stab          0x000034bc      0x630 contiki-sky.a(ds2411.o)
                                0xb40 (size before relaxing)
 .stab          0x00003aec      0xa38 contiki-sky.a(xmem.o)
                                0xf60 (size before relaxing)
 .stab          0x00004524      0x2b8 contiki-sky.a(node-id.o)
                                0x4e0 (size before relaxing)
 .stab          0x000047dc      0x63c contiki-sky.a(sensors.o)
                                0xb70 (size before relaxing)
 .stab          0x00004e18     0x237c contiki-sky.a(cc2420.o)
                               0x2cc4 (size before relaxing)
 .stab          0x00007194      0x9d8 contiki-sky.a(cc2420-arch.o)
                               0x1404 (size before relaxing)
 .stab          0x00007b6c      0x60c contiki-sky.a(uart1.o)
                                0x960 (size before relaxing)
 .stab          0x00008178      0x27c contiki-sky.a(uart1-putchar.o)
                                0x7bc (size before relaxing)
 .stab          0x000083f4      0x744 contiki-sky.a(msp430.o)
                                0xa98 (size before relaxing)
 .stab          0x00008b38      0x948 contiki-sky.a(clock.o)
                                0xc9c (size before relaxing)
 .stab          0x00009480      0x5dc contiki-sky.a(leds.o)
                                0x828 (size before relaxing)
 .stab          0x00009a5c      0x3a8 contiki-sky.a(leds-arch.o)
                                0x6fc (size before relaxing)
 .stab          0x00009e04      0x3fc contiki-sky.a(watchdog.o)
                                0x750 (size before relaxing)
 .stab          0x0000a200      0x3cc contiki-sky.a(rtimer-arch.o)
                                0x720 (size before relaxing)
 .stab          0x0000a5cc      0x294 contiki-sky.a(autostart.o)
                                0x534 (size before relaxing)
 .stab          0x0000a860      0x7a4 contiki-sky.a(ctimer.o)
                                0xb10 (size before relaxing)
 .stab          0x0000b004      0x474 contiki-sky.a(energest.o)
                                0x6fc (size before relaxing)
 .stab          0x0000b478      0xa38 contiki-sky.a(etimer.o)
                                0xd08 (size before relaxing)
 .stab          0x0000beb0      0xb7c contiki-sky.a(process.o)
                               0x1014 (size before relaxing)
 .stab          0x0000ca2c      0x3d8 contiki-sky.a(rtimer.o)
                                0x6c0 (size before relaxing)
 .stab          0x0000ce04      0x354 contiki-sky.a(timer.o)
                                0x594 (size before relaxing)
 .stab          0x0000d158      0x534 contiki-sky.a(serial-line.o)
                                0xa50 (size before relaxing)
 .stab          0x0000d68c      0x7f8 contiki-sky.a(list.o)
                                0x804 (size before relaxing)
 .stab          0x0000de84      0x228 contiki-sky.a(random.o)
                                0x624 (size before relaxing)
 .stab          0x0000e0ac      0x3fc contiki-sky.a(ringbuf.o)
                                0x63c (size before relaxing)
 .stab          0x0000e4a8      0x6d8 contiki-sky.a(broadcast.o)
                               0x150c (size before relaxing)
 .stab          0x0000eb80      0x678 contiki-sky.a(channel.o)
                               0x129c (size before relaxing)
 .stab          0x0000f1f8      0xcd8 contiki-sky.a(rime.o)
                               0x141c (size before relaxing)
 .stab          0x0000fed0      0x624 contiki-sky.a(unicast.o)
                               0x129c (size before relaxing)
 .stab          0x000104f4      0xe04 contiki-sky.a(csma.o)
                               0x15b4 (size before relaxing)
 .stab          0x000112f8      0x1f8 contiki-sky.a(mac.o)
                                0x4ec (size before relaxing)
 .stab          0x000114f0      0x2c4 contiki-sky.a(linkaddr.o)
                                0x6c0 (size before relaxing)
 .stab          0x000117b4      0xda4 contiki-sky.a(packetbuf.o)
                               0x1bf0 (size before relaxing)
 .stab          0x00012558      0xa5c contiki-sky.a(queuebuf.o)
                               0x1890 (size before relaxing)
 .stab          0x00012fb4     0x16ec contiki-sky.a(contikimac.o)
                               0x22f8 (size before relaxing)
 .stab          0x000146a0      0x6e4 contiki-sky.a(contikimac-fram)
                                0xf24 (size before relaxing)
 .stab          0x00014d84      0x6a8 contiki-sky.a(nullsec.o)
                                0xda4 (size before relaxing)
 .stab          0x0001542c      0xbb8 contiki-sky.a(sht11.o)
                               0x10e0 (size before relaxing)
 .stab          0x00015fe4      0x204 contiki-sky.a(spi.o)
                                0x42c (size before relaxing)
 .stab          0x000161e8      0x51c contiki-sky.a(compower.o)
                                0xd20 (size before relaxing)
 .stab          0x00016704      0x5c4 contiki-sky.a(memb.o)
                                0xaf8 (size before relaxing)
 .stab          0x00016cc8      0x66c contiki-sky.a(abc.o)
                               0x14a0 (size before relaxing)
 .stab          0x00017334      0x6e4 contiki-sky.a(announcement.o)
                                0x984 (size before relaxing)
 .stab          0x00017a18      0x948 contiki-sky.a(broadcast-annou)
                               0x15c0 (size before relaxing)
 .stab          0x00018360      0x594 contiki-sky.a(chameleon.o)
                               0x123c (size before relaxing)
 .stab          0x000188f4      0x930 contiki-sky.a(framer-802154.o)
                                0xf6c (size before relaxing)
 .stab          0x00019224      0x318 contiki-sky.a(framer.o)
                                0xc54 (size before relaxing)
 .stab          0x0001953c      0x600 contiki-sky.a(mac-sequence.o)
                               0x144c (size before relaxing)
 .stab          0x00019b3c      0xd80 contiki-sky.a(chameleon-bitop)
                               0x19f8 (size before relaxing)
 .stab          0x0001a8bc      0x924 contiki-sky.a(frame802154.o)
                               0x10f8 (size before relaxing)

.stabstr        0x00000000    0x16364
 *(.stabstr)
 .stabstr       0x00000000    0x16364 sensor1.co

.stab.excl
 *(.stab.excl)

.stab.exclstr
 *(.stab.exclstr)

.stab.index
 *(.stab.index)

.stab.indexstr
 *(.stab.indexstr)

.comment
 *(.comment)

.debug
 *(.debug)

.line
 *(.line)

.debug_srcinfo
 *(.debug_srcinfo)

.debug_sfnames
 *(.debug_sfnames)

.debug_aranges  0x00000000      0x208
 *(.debug_aranges)
 .debug_aranges
                0x00000000       0x14 /usr/lib/gcc/msp430/4.6.3/mmpy-16/libgcc.a(_mulsi3.o)
 .debug_aranges
                0x00000014       0x14 /usr/lib/gcc/msp430/4.6.3/mmpy-16/libgcc.a(_udivmod16.o)
 .debug_aranges
                0x00000028       0x14 /usr/lib/gcc/msp430/4.6.3/mmpy-16/libgcc.a(_divmod16.o)
 .debug_aranges
                0x0000003c       0x14 /usr/lib/gcc/msp430/4.6.3/mmpy-16/libgcc.a(_udivmod32.o)
 .debug_aranges
                0x00000050       0x14 /usr/lib/gcc/msp430/4.6.3/mmpy-16/libgcc.a(_addsub_sf.o)
 .debug_aranges
                0x00000064       0x14 /usr/lib/gcc/msp430/4.6.3/mmpy-16/libgcc.a(_mul_sf.o)
 .debug_aranges
                0x00000078       0x14 /usr/lib/gcc/msp430/4.6.3/mmpy-16/libgcc.a(_si_to_sf.o)
 .debug_aranges
                0x0000008c       0x14 /usr/lib/gcc/msp430/4.6.3/mmpy-16/libgcc.a(_sf_to_si.o)
 .debug_aranges
                0x000000a0       0x14 /usr/lib/gcc/msp430/4.6.3/mmpy-16/libgcc.a(_clzsi2.o)
 .debug_aranges
                0x000000b4       0x14 /usr/lib/gcc/msp430/4.6.3/mmpy-16/libgcc.a(_pack_sf.o)
 .debug_aranges
                0x000000c8       0x14 /usr/lib/gcc/msp430/4.6.3/mmpy-16/libgcc.a(_unpack_sf.o)
 .debug_aranges
                0x000000dc       0x14 /usr/lib/gcc/msp430/4.6.3/../../../../msp430/lib/mmpy-16/libc.a(strncmp.o)
 .debug_aranges
                0x000000f0       0x14 /usr/lib/gcc/msp430/4.6.3/../../../../msp430/lib/mmpy-16/libc.a(memcmp.o)
 .debug_aranges
                0x00000104       0x14 /usr/lib/gcc/msp430/4.6.3/../../../../msp430/lib/mmpy-16/libc.a(memcpy.o)
 .debug_aranges
                0x00000118       0x14 /usr/lib/gcc/msp430/4.6.3/../../../../msp430/lib/mmpy-16/libc.a(memset.o)
 .debug_aranges
                0x0000012c       0x14 /usr/lib/gcc/msp430/4.6.3/../../../../msp430/lib/mmpy-16/libc.a(printf.o)
 .debug_aranges
                0x00000140       0x14 /usr/lib/gcc/msp430/4.6.3/../../../../msp430/lib/mmpy-16/libc.a(vuprintf.o)
 .debug_aranges
                0x00000154       0x14 /usr/lib/gcc/msp430/4.6.3/../../../../msp430/lib/mmpy-16/libc.a(puts.o)
 .debug_aranges
                0x00000168       0x14 /usr/lib/gcc/msp430/4.6.3/../../../../msp430/lib/mmpy-16/libc.a(rand.o)
 .debug_aranges
                0x0000017c       0x14 /usr/lib/gcc/msp430/4.6.3/mmpy-16/libgcc.a(_udivmod64.o)
 .debug_aranges
                0x00000190       0x14 /usr/lib/gcc/msp430/4.6.3/mmpy-16/libcrt0.a(__watchdog_support.o)
 .debug_aranges
                0x000001a4       0x14 /usr/lib/gcc/msp430/4.6.3/mmpy-16/libcrt0.a(__init_stack.o)
 .debug_aranges
                0x000001b8       0x14 /usr/lib/gcc/msp430/4.6.3/mmpy-16/libcrt0.a(_copy_data.o)
 .debug_aranges
                0x000001cc       0x14 /usr/lib/gcc/msp430/4.6.3/mmpy-16/libcrt0.a(_clear_bss.o)
 .debug_aranges
                0x000001e0       0x14 /usr/lib/gcc/msp430/4.6.3/mmpy-16/libcrt0.a(_endless_loop__.o)
 .debug_aranges
                0x000001f4       0x14 /usr/lib/gcc/msp430/4.6.3/mmpy-16/libcrt0.a(_unexpected_.o)

.debug_pubnames
 *(.debug_pubnames)

.debug_info     0x00000000     0x28cf
 *(.debug_info)
 .debug_info    0x00000000       0xd6 /usr/lib/gcc/msp430/4.6.3/mmpy-16/libgcc.a(_mulsi3.o)
 .debug_info    0x000000d6       0xd6 /usr/lib/gcc/msp430/4.6.3/mmpy-16/libgcc.a(_udivmod16.o)
 .debug_info    0x000001ac       0xd6 /usr/lib/gcc/msp430/4.6.3/mmpy-16/libgcc.a(_divmod16.o)
 .debug_info    0x00000282       0xd6 /usr/lib/gcc/msp430/4.6.3/mmpy-16/libgcc.a(_udivmod32.o)
 .debug_info    0x00000358      0x425 /usr/lib/gcc/msp430/4.6.3/mmpy-16/libgcc.a(_addsub_sf.o)
 .debug_info    0x0000077d      0x3c9 /usr/lib/gcc/msp430/4.6.3/mmpy-16/libgcc.a(_mul_sf.o)
 .debug_info    0x00000b46      0x20b /usr/lib/gcc/msp430/4.6.3/mmpy-16/libgcc.a(_si_to_sf.o)
 .debug_info    0x00000d51      0x289 /usr/lib/gcc/msp430/4.6.3/mmpy-16/libgcc.a(_sf_to_si.o)
 .debug_info    0x00000fda      0x144 /usr/lib/gcc/msp430/4.6.3/mmpy-16/libgcc.a(_thenan_sf.o)
 .debug_info    0x0000111e      0x109 /usr/lib/gcc/msp430/4.6.3/mmpy-16/libgcc.a(_clzsi2.o)
 .debug_info    0x00001227      0x2b1 /usr/lib/gcc/msp430/4.6.3/mmpy-16/libgcc.a(_pack_sf.o)
 .debug_info    0x000014d8      0x23e /usr/lib/gcc/msp430/4.6.3/mmpy-16/libgcc.a(_unpack_sf.o)
 .debug_info    0x00001716       0xa0 /usr/lib/gcc/msp430/4.6.3/mmpy-16/libgcc.a(_clz.o)
 .debug_info    0x000017b6       0xbb /usr/lib/gcc/msp430/4.6.3/../../../../msp430/lib/mmpy-16/libc.a(strncmp.o)
 .debug_info    0x00001871       0xe8 /usr/lib/gcc/msp430/4.6.3/../../../../msp430/lib/mmpy-16/libc.a(memcmp.o)
 .debug_info    0x00001959      0x113 /usr/lib/gcc/msp430/4.6.3/../../../../msp430/lib/mmpy-16/libc.a(memcpy.o)
 .debug_info    0x00001a6c       0xfe /usr/lib/gcc/msp430/4.6.3/../../../../msp430/lib/mmpy-16/libc.a(memset.o)
 .debug_info    0x00001b6a      0x105 /usr/lib/gcc/msp430/4.6.3/../../../../msp430/lib/mmpy-16/libc.a(printf.o)
 .debug_info    0x00001c6f      0x565 /usr/lib/gcc/msp430/4.6.3/../../../../msp430/lib/mmpy-16/libc.a(vuprintf.o)
 .debug_info    0x000021d4       0x96 /usr/lib/gcc/msp430/4.6.3/../../../../msp430/lib/mmpy-16/libc.a(puts.o)
 .debug_info    0x0000226a      0x13f /usr/lib/gcc/msp430/4.6.3/../../../../msp430/lib/mmpy-16/libc.a(rand.o)
 .debug_info    0x000023a9       0xd6 /usr/lib/gcc/msp430/4.6.3/mmpy-16/libgcc.a(_udivmod64.o)
 .debug_info    0x0000247f       0xb8 /usr/lib/gcc/msp430/4.6.3/mmpy-16/libcrt0.a(__watchdog_support.o)
 .debug_info    0x00002537       0xb8 /usr/lib/gcc/msp430/4.6.3/mmpy-16/libcrt0.a(__init_stack.o)
 .debug_info    0x000025ef       0xb8 /usr/lib/gcc/msp430/4.6.3/mmpy-16/libcrt0.a(_copy_data.o)
 .debug_info    0x000026a7       0xb8 /usr/lib/gcc/msp430/4.6.3/mmpy-16/libcrt0.a(_clear_bss.o)
 .debug_info    0x0000275f       0xb8 /usr/lib/gcc/msp430/4.6.3/mmpy-16/libcrt0.a(_endless_loop__.o)
 .debug_info    0x00002817       0xb8 /usr/lib/gcc/msp430/4.6.3/mmpy-16/libcrt0.a(_unexpected_.o)
 *(.gnu.linkonce.wi.*)

.debug_abbrev   0x00000000     0x1230
 *(.debug_abbrev)
 .debug_abbrev  0x00000000       0x14 /usr/lib/gcc/msp430/4.6.3/mmpy-16/libgcc.a(_mulsi3.o)
 .debug_abbrev  0x00000014       0x14 /usr/lib/gcc/msp430/4.6.3/mmpy-16/libgcc.a(_udivmod16.o)
 .debug_abbrev  0x00000028       0x14 /usr/lib/gcc/msp430/4.6.3/mmpy-16/libgcc.a(_divmod16.o)
 .debug_abbrev  0x0000003c       0x14 /usr/lib/gcc/msp430/4.6.3/mmpy-16/libgcc.a(_udivmod32.o)
 .debug_abbrev  0x00000050      0x1ab /usr/lib/gcc/msp430/4.6.3/mmpy-16/libgcc.a(_addsub_sf.o)
 .debug_abbrev  0x000001fb      0x1d9 /usr/lib/gcc/msp430/4.6.3/mmpy-16/libgcc.a(_mul_sf.o)
 .debug_abbrev  0x000003d4      0x164 /usr/lib/gcc/msp430/4.6.3/mmpy-16/libgcc.a(_si_to_sf.o)
 .debug_abbrev  0x00000538      0x160 /usr/lib/gcc/msp430/4.6.3/mmpy-16/libgcc.a(_sf_to_si.o)
 .debug_abbrev  0x00000698       0xba /usr/lib/gcc/msp430/4.6.3/mmpy-16/libgcc.a(_thenan_sf.o)
 .debug_abbrev  0x00000752       0xac /usr/lib/gcc/msp430/4.6.3/mmpy-16/libgcc.a(_clzsi2.o)
 .debug_abbrev  0x000007fe      0x192 /usr/lib/gcc/msp430/4.6.3/mmpy-16/libgcc.a(_pack_sf.o)
 .debug_abbrev  0x00000990      0x15a /usr/lib/gcc/msp430/4.6.3/mmpy-16/libgcc.a(_unpack_sf.o)
 .debug_abbrev  0x00000aea       0x61 /usr/lib/gcc/msp430/4.6.3/mmpy-16/libgcc.a(_clz.o)
 .debug_abbrev  0x00000b4b       0x7c /usr/lib/gcc/msp430/4.6.3/../../../../msp430/lib/mmpy-16/libc.a(strncmp.o)
 .debug_abbrev  0x00000bc7       0x9b /usr/lib/gcc/msp430/4.6.3/../../../../msp430/lib/mmpy-16/libc.a(memcmp.o)
 .debug_abbrev  0x00000c62       0x97 /usr/lib/gcc/msp430/4.6.3/../../../../msp430/lib/mmpy-16/libc.a(memcpy.o)
 .debug_abbrev  0x00000cf9       0x9c /usr/lib/gcc/msp430/4.6.3/../../../../msp430/lib/mmpy-16/libc.a(memset.o)
 .debug_abbrev  0x00000d95       0xd0 /usr/lib/gcc/msp430/4.6.3/../../../../msp430/lib/mmpy-16/libc.a(printf.o)
 .debug_abbrev  0x00000e65      0x1ef /usr/lib/gcc/msp430/4.6.3/../../../../msp430/lib/mmpy-16/libc.a(vuprintf.o)
 .debug_abbrev  0x00001054       0x60 /usr/lib/gcc/msp430/4.6.3/../../../../msp430/lib/mmpy-16/libc.a(puts.o)
 .debug_abbrev  0x000010b4       0xf0 /usr/lib/gcc/msp430/4.6.3/../../../../msp430/lib/mmpy-16/libc.a(rand.o)
 .debug_abbrev  0x000011a4       0x14 /usr/lib/gcc/msp430/4.6.3/mmpy-16/libgcc.a(_udivmod64.o)
 .debug_abbrev  0x000011b8       0x14 /usr/lib/gcc/msp430/4.6.3/mmpy-16/libcrt0.a(__watchdog_support.o)
 .debug_abbrev  0x000011cc       0x14 /usr/lib/gcc/msp430/4.6.3/mmpy-16/libcrt0.a(__init_stack.o)
 .debug_abbrev  0x000011e0       0x14 /usr/lib/gcc/msp430/4.6.3/mmpy-16/libcrt0.a(_copy_data.o)
 .debug_abbrev  0x000011f4       0x14 /usr/lib/gcc/msp430/4.6.3/mmpy-16/libcrt0.a(_clear_bss.o)
 .debug_abbrev  0x00001208       0x14 /usr/lib/gcc/msp430/4.6.3/mmpy-16/libcrt0.a(_endless_loop__.o)
 .debug_abbrev  0x0000121c       0x14 /usr/lib/gcc/msp430/4.6.3/mmpy-16/libcrt0.a(_unexpected_.o)

.debug_line     0x00000000     0x14c5
 *(.debug_line)
 .debug_line    0x00000000       0xa3 /usr/lib/gcc/msp430/4.6.3/mmpy-16/libgcc.a(_mulsi3.o)
 .debug_line    0x000000a3       0x9c /usr/lib/gcc/msp430/4.6.3/mmpy-16/libgcc.a(_udivmod16.o)
 .debug_line    0x0000013f       0xa7 /usr/lib/gcc/msp430/4.6.3/mmpy-16/libgcc.a(_divmod16.o)
 .debug_line    0x000001e6       0xab /usr/lib/gcc/msp430/4.6.3/mmpy-16/libgcc.a(_udivmod32.o)
 .debug_line    0x00000291      0x13f /usr/lib/gcc/msp430/4.6.3/mmpy-16/libgcc.a(_addsub_sf.o)
 .debug_line    0x000003d0      0x137 /usr/lib/gcc/msp430/4.6.3/mmpy-16/libgcc.a(_mul_sf.o)
 .debug_line    0x00000507       0xc9 /usr/lib/gcc/msp430/4.6.3/mmpy-16/libgcc.a(_si_to_sf.o)
 .debug_line    0x000005d0       0xbf /usr/lib/gcc/msp430/4.6.3/mmpy-16/libgcc.a(_sf_to_si.o)
 .debug_line    0x0000068f       0x94 /usr/lib/gcc/msp430/4.6.3/mmpy-16/libgcc.a(_thenan_sf.o)
 .debug_line    0x00000723       0xbe /usr/lib/gcc/msp430/4.6.3/mmpy-16/libgcc.a(_clzsi2.o)
 .debug_line    0x000007e1      0x102 /usr/lib/gcc/msp430/4.6.3/mmpy-16/libgcc.a(_pack_sf.o)
 .debug_line    0x000008e3       0xdd /usr/lib/gcc/msp430/4.6.3/mmpy-16/libgcc.a(_unpack_sf.o)
 .debug_line    0x000009c0       0x80 /usr/lib/gcc/msp430/4.6.3/mmpy-16/libgcc.a(_clz.o)
 .debug_line    0x00000a40       0x75 /usr/lib/gcc/msp430/4.6.3/../../../../msp430/lib/mmpy-16/libc.a(strncmp.o)
 .debug_line    0x00000ab5       0x73 /usr/lib/gcc/msp430/4.6.3/../../../../msp430/lib/mmpy-16/libc.a(memcmp.o)
 .debug_line    0x00000b28       0xe9 /usr/lib/gcc/msp430/4.6.3/../../../../msp430/lib/mmpy-16/libc.a(memcpy.o)
 .debug_line    0x00000c11       0xc8 /usr/lib/gcc/msp430/4.6.3/../../../../msp430/lib/mmpy-16/libc.a(memset.o)
 .debug_line    0x00000cd9       0x72 /usr/lib/gcc/msp430/4.6.3/../../../../msp430/lib/mmpy-16/libc.a(printf.o)
 .debug_line    0x00000d4b      0x2d2 /usr/lib/gcc/msp430/4.6.3/../../../../msp430/lib/mmpy-16/libc.a(vuprintf.o)
 .debug_line    0x0000101d       0x4d /usr/lib/gcc/msp430/4.6.3/../../../../msp430/lib/mmpy-16/libc.a(puts.o)
 .debug_line    0x0000106a       0x4f /usr/lib/gcc/msp430/4.6.3/../../../../msp430/lib/mmpy-16/libc.a(rand.o)
 .debug_line    0x000010b9       0xf1 /usr/lib/gcc/msp430/4.6.3/mmpy-16/libgcc.a(_udivmod64.o)
 .debug_line    0x000011aa       0x84 /usr/lib/gcc/msp430/4.6.3/mmpy-16/libcrt0.a(__watchdog_support.o)
 .debug_line    0x0000122e       0x82 /usr/lib/gcc/msp430/4.6.3/mmpy-16/libcrt0.a(__init_stack.o)
 .debug_line    0x000012b0       0x88 /usr/lib/gcc/msp430/4.6.3/mmpy-16/libcrt0.a(_copy_data.o)
 .debug_line    0x00001338       0x88 /usr/lib/gcc/msp430/4.6.3/mmpy-16/libcrt0.a(_clear_bss.o)
 .debug_line    0x000013c0       0x83 /usr/lib/gcc/msp430/4.6.3/mmpy-16/libcrt0.a(_endless_loop__.o)
 .debug_line    0x00001443       0x82 /usr/lib/gcc/msp430/4.6.3/mmpy-16/libcrt0.a(_unexpected_.o)

.debug_frame    0x00000000      0x37c
 *(.debug_frame)
 .debug_frame   0x00000000       0x6a /usr/lib/gcc/msp430/4.6.3/mmpy-16/libgcc.a(_addsub_sf.o)
 .debug_frame   0x0000006a       0x4a /usr/lib/gcc/msp430/4.6.3/mmpy-16/libgcc.a(_mul_sf.o)
 .debug_frame   0x000000b4       0x2c /usr/lib/gcc/msp430/4.6.3/mmpy-16/libgcc.a(_si_to_sf.o)
 .debug_frame   0x000000e0       0x22 /usr/lib/gcc/msp430/4.6.3/mmpy-16/libgcc.a(_sf_to_si.o)
 .debug_frame   0x00000102       0x2e /usr/lib/gcc/msp430/4.6.3/mmpy-16/libgcc.a(_clzsi2.o)
 .debug_frame   0x00000130       0x38 /usr/lib/gcc/msp430/4.6.3/mmpy-16/libgcc.a(_pack_sf.o)
 .debug_frame   0x00000168       0x28 /usr/lib/gcc/msp430/4.6.3/mmpy-16/libgcc.a(_unpack_sf.o)
 .debug_frame   0x00000190       0x24 /usr/lib/gcc/msp430/4.6.3/../../../../msp430/lib/mmpy-16/libc.a(strncmp.o)
 .debug_frame   0x000001b4       0x24 /usr/lib/gcc/msp430/4.6.3/../../../../msp430/lib/mmpy-16/libc.a(memcmp.o)
 .debug_frame   0x000001d8       0x38 /usr/lib/gcc/msp430/4.6.3/../../../../msp430/lib/mmpy-16/libc.a(memcpy.o)
 .debug_frame   0x00000210       0x32 /usr/lib/gcc/msp430/4.6.3/../../../../msp430/lib/mmpy-16/libc.a(memset.o)
 .debug_frame   0x00000242       0x2a /usr/lib/gcc/msp430/4.6.3/../../../../msp430/lib/mmpy-16/libc.a(printf.o)
 .debug_frame   0x0000026c       0xb0 /usr/lib/gcc/msp430/4.6.3/../../../../msp430/lib/mmpy-16/libc.a(vuprintf.o)
 .debug_frame   0x0000031c       0x24 /usr/lib/gcc/msp430/4.6.3/../../../../msp430/lib/mmpy-16/libc.a(puts.o)
 .debug_frame   0x00000340       0x3c /usr/lib/gcc/msp430/4.6.3/../../../../msp430/lib/mmpy-16/libc.a(rand.o)

.debug_str      0x00000000      0x677
 *(.debug_str)
 .debug_str     0x00000000      0x1f3 /usr/lib/gcc/msp430/4.6.3/mmpy-16/libgcc.a(_addsub_sf.o)
                                0x255 (size before relaxing)
 .debug_str     0x000001f3       0x27 /usr/lib/gcc/msp430/4.6.3/mmpy-16/libgcc.a(_mul_sf.o)
                                0x20e (size before relaxing)
 .debug_str     0x0000021a       0x27 /usr/lib/gcc/msp430/4.6.3/mmpy-16/libgcc.a(_si_to_sf.o)
                                0x1cb (size before relaxing)
 .debug_str     0x00000241        0xa /usr/lib/gcc/msp430/4.6.3/mmpy-16/libgcc.a(_sf_to_si.o)
                                0x1e5 (size before relaxing)
 .debug_str     0x00000000      0x187 /usr/lib/gcc/msp430/4.6.3/mmpy-16/libgcc.a(_thenan_sf.o)
 .debug_str     0x0000024b       0x9d /usr/lib/gcc/msp430/4.6.3/mmpy-16/libgcc.a(_clzsi2.o)
                                0x189 (size before relaxing)
 .debug_str     0x000002e8       0x10 /usr/lib/gcc/msp430/4.6.3/mmpy-16/libgcc.a(_pack_sf.o)
                                0x1e4 (size before relaxing)
 .debug_str     0x000002f8        0xb /usr/lib/gcc/msp430/4.6.3/mmpy-16/libgcc.a(_unpack_sf.o)
                                0x1c6 (size before relaxing)
 .debug_str     0x00000000      0x16c /usr/lib/gcc/msp430/4.6.3/mmpy-16/libgcc.a(_clz.o)
 .debug_str     0x00000303       0x5c /usr/lib/gcc/msp430/4.6.3/../../../../msp430/lib/mmpy-16/libc.a(strncmp.o)
                                 0xfd (size before relaxing)
 .debug_str     0x0000035f       0x19 /usr/lib/gcc/msp430/4.6.3/../../../../msp430/lib/mmpy-16/libc.a(memcmp.o)
                                 0xfb (size before relaxing)
 .debug_str     0x00000378       0x34 /usr/lib/gcc/msp430/4.6.3/../../../../msp430/lib/mmpy-16/libc.a(memcpy.o)
                                0x116 (size before relaxing)
 .debug_str     0x000003ac       0x26 /usr/lib/gcc/msp430/4.6.3/../../../../msp430/lib/mmpy-16/libc.a(memset.o)
                                0x114 (size before relaxing)
 .debug_str     0x000003d2       0x40 /usr/lib/gcc/msp430/4.6.3/../../../../msp430/lib/mmpy-16/libc.a(printf.o)
                                0x12a (size before relaxing)
 .debug_str     0x00000412      0x221 /usr/lib/gcc/msp430/4.6.3/../../../../msp430/lib/mmpy-16/libc.a(vuprintf.o)
                                0x375 (size before relaxing)
 .debug_str     0x00000633       0x15 /usr/lib/gcc/msp430/4.6.3/../../../../msp430/lib/mmpy-16/libc.a(puts.o)
                                 0xf0 (size before relaxing)
 .debug_str     0x00000648       0x2f /usr/lib/gcc/msp430/4.6.3/../../../../msp430/lib/mmpy-16/libc.a(rand.o)
                                0x10f (size before relaxing)

.debug_loc      0x00000000     0x135b
 *(.debug_loc)
 .debug_loc     0x00000000      0x2ca /usr/lib/gcc/msp430/4.6.3/mmpy-16/libgcc.a(_addsub_sf.o)
 .debug_loc     0x000002ca      0x23c /usr/lib/gcc/msp430/4.6.3/mmpy-16/libgcc.a(_mul_sf.o)
 .debug_loc     0x00000506       0xa2 /usr/lib/gcc/msp430/4.6.3/mmpy-16/libgcc.a(_si_to_sf.o)
 .debug_loc     0x000005a8       0x3c /usr/lib/gcc/msp430/4.6.3/mmpy-16/libgcc.a(_sf_to_si.o)
 .debug_loc     0x000005e4       0x80 /usr/lib/gcc/msp430/4.6.3/mmpy-16/libgcc.a(_clzsi2.o)
 .debug_loc     0x00000664      0x181 /usr/lib/gcc/msp430/4.6.3/mmpy-16/libgcc.a(_pack_sf.o)
 .debug_loc     0x000007e5       0x83 /usr/lib/gcc/msp430/4.6.3/mmpy-16/libgcc.a(_unpack_sf.o)
 .debug_loc     0x00000868       0x38 /usr/lib/gcc/msp430/4.6.3/../../../../msp430/lib/mmpy-16/libc.a(strncmp.o)
 .debug_loc     0x000008a0       0x5e /usr/lib/gcc/msp430/4.6.3/../../../../msp430/lib/mmpy-16/libc.a(memcmp.o)
 .debug_loc     0x000008fe      0x1e9 /usr/lib/gcc/msp430/4.6.3/../../../../msp430/lib/mmpy-16/libc.a(memcpy.o)
 .debug_loc     0x00000ae7       0xdb /usr/lib/gcc/msp430/4.6.3/../../../../msp430/lib/mmpy-16/libc.a(memset.o)
 .debug_loc     0x00000bc2       0x38 /usr/lib/gcc/msp430/4.6.3/../../../../msp430/lib/mmpy-16/libc.a(printf.o)
 .debug_loc     0x00000bfa      0x70c /usr/lib/gcc/msp430/4.6.3/../../../../msp430/lib/mmpy-16/libc.a(vuprintf.o)
 .debug_loc     0x00001306       0x26 /usr/lib/gcc/msp430/4.6.3/../../../../msp430/lib/mmpy-16/libc.a(puts.o)
 .debug_loc     0x0000132c       0x2f /usr/lib/gcc/msp430/4.6.3/../../../../msp430/lib/mmpy-16/libc.a(rand.o)

.debug_macinfo
 *(.debug_macinfo)

.debug_pubtypes
 *(.debug_pubtypes)

.debug_ranges   0x00000000       0x60
 *(.debug_ranges)
 .debug_ranges  0x00000000       0x14 /usr/lib/gcc/msp430/4.6.3/mmpy-16/libgcc.a(_addsub_sf.o)
 .debug_ranges  0x00000014       0x28 /usr/lib/gcc/msp430/4.6.3/mmpy-16/libgcc.a(_mul_sf.o)
 .debug_ranges  0x0000003c        0xc /usr/lib/gcc/msp430/4.6.3/mmpy-16/libgcc.a(_clzsi2.o)
 .debug_ranges  0x00000048       0x18 /usr/lib/gcc/msp430/4.6.3/../../../../msp430/lib/mmpy-16/libc.a(vuprintf.o)
                0x00003900                PROVIDE (__stack, (ORIGIN (ram) + 0x2800))
                0x0000a0fc                PROVIDE (__data_start_rom, _etext)
                0x0000a176                PROVIDE (__data_end_rom, (_etext + SIZEOF (.data)))
OUTPUT(sensor1.sky elf32-msp430)
