Archive member included because of file (symbol)

contiki-sky.a(contiki-sky-pla)
                              obj_sky/contiki-sky-main.o (init_platform)
contiki-sky.a(button-sensor.o)
                              contiki-sky.a(contiki-sky-pla) (button_sensor)
contiki-sky.a(ds2411.o)       obj_sky/contiki-sky-main.o (ds2411_init)
contiki-sky.a(xmem.o)         obj_sky/contiki-sky-main.o (xmem_init)
contiki-sky.a(node-id.o)      obj_sky/contiki-sky-main.o (node_id_restore)
contiki-sky.a(sensors.o)      contiki-sky.a(button-sensor.o) (sensors_changed)
contiki-sky.a(cc2420.o)       obj_sky/contiki-sky-main.o (cc2420_set_pan_addr)
contiki-sky.a(cc2420-arch.o)  contiki-sky.a(cc2420.o) (cc2420_arch_init)
contiki-sky.a(uart1.o)        obj_sky/contiki-sky-main.o (uart1_active)
contiki-sky.a(uart1-putchar.o)
                              obj_sky/contiki-sky-main.o (putchar)
contiki-sky.a(msp430.o)       contiki-sky.a(uart1.o) (msp430_add_lpm_req)
contiki-sky.a(clock.o)        obj_sky/contiki-sky-main.o (clock_init)
contiki-sky.a(leds.o)         obj_sky/contiki-sky-main.o (leds_init)
contiki-sky.a(leds-arch.o)    contiki-sky.a(leds.o) (leds_arch_init)
contiki-sky.a(watchdog.o)     obj_sky/contiki-sky-main.o (watchdog_start)
contiki-sky.a(rtimer-arch.o)  obj_sky/contiki-sky-main.o (rtimer_arch_now)
contiki-sky.a(autostart.o)    obj_sky/contiki-sky-main.o (autostart_start)
contiki-sky.a(ctimer.o)       obj_sky/contiki-sky-main.o (ctimer_init)
contiki-sky.a(energest.o)     obj_sky/contiki-sky-main.o (energest_init)
contiki-sky.a(etimer.o)       contiki-sky.a(clock.o) (etimer_request_poll)
contiki-sky.a(process.o)      contiki-sky.a(ctimer.o) (process_current)
contiki-sky.a(rtimer.o)       obj_sky/contiki-sky-main.o (rtimer_init)
contiki-sky.a(timer.o)        obj_sky/contiki-sky-main.o (timer_set)
contiki-sky.a(serial-line.o)  obj_sky/contiki-sky-main.o (serial_line_input_byte)
contiki-sky.a(list.o)         contiki-sky.a(ctimer.o) (list_init)
contiki-sky.a(random.o)       obj_sky/contiki-sky-main.o (random_init)
contiki-sky.a(ringbuf.o)      contiki-sky.a(serial-line.o) (ringbuf_init)
contiki-sky.a(broadcast.o)    Collector.co (broadcast_open)
contiki-sky.a(channel.o)      contiki-sky.a(broadcast.o) (channel_set_attributes)
contiki-sky.a(rime.o)         obj_sky/contiki-sky-main.o (rime_driver)
contiki-sky.a(unicast.o)      Collector.co (unicast_open)
contiki-sky.a(csma.o)         obj_sky/contiki-sky-main.o (csma_driver)
contiki-sky.a(mac.o)          contiki-sky.a(csma.o) (mac_call_sent_callback)
contiki-sky.a(linkaddr.o)     obj_sky/contiki-sky-main.o (linkaddr_copy)
contiki-sky.a(packetbuf.o)    contiki-sky.a(rime.o) (packetbuf_compact)
contiki-sky.a(queuebuf.o)     contiki-sky.a(rime.o) (queuebuf_init)
contiki-sky.a(contikimac.o)   obj_sky/contiki-sky-main.o (contikimac_driver)
contiki-sky.a(contikimac-fram)
                              contiki-sky.a(contikimac.o) (contikimac_framer)
contiki-sky.a(nullsec.o)      obj_sky/contiki-sky-main.o (nullsec_driver)
contiki-sky.a(spi.o)          contiki-sky.a(xmem.o) (spi_init)
contiki-sky.a(compower.o)     contiki-sky.a(contikimac.o) (compower_accumulate)
contiki-sky.a(memb.o)         contiki-sky.a(csma.o) (memb_init)
contiki-sky.a(abc.o)          contiki-sky.a(broadcast.o) (abc_open)
contiki-sky.a(announcement.o)
                              contiki-sky.a(rime.o) (announcement_init)
contiki-sky.a(broadcast-annou)
                              contiki-sky.a(rime.o) (broadcast_announcement_init)
contiki-sky.a(chameleon.o)    contiki-sky.a(rime.o) (chameleon_init)
contiki-sky.a(framer-802154.o)
                              contiki-sky.a(contikimac-fram) (framer_802154)
contiki-sky.a(framer.o)       contiki-sky.a(framer-802154.o) (framer_canonical_create_and_secure)
contiki-sky.a(mac-sequence.o)
                              contiki-sky.a(contikimac.o) (mac_sequence_is_duplicate)
contiki-sky.a(chameleon-bitop)
                              contiki-sky.a(chameleon.o) (chameleon_bitopt)
contiki-sky.a(frame802154.o)  contiki-sky.a(framer-802154.o) (frame802154_hdrlen)
/usr/lib/gcc/msp430/4.6.3/mmpy-16/libgcc.a(_mulsi3.o)
                              contiki-sky.a(csma.o) (__mulsi3)
/usr/lib/gcc/msp430/4.6.3/mmpy-16/libgcc.a(_udivmod32.o)
                              obj_sky/contiki-sky-main.o (__udivsi3)
/usr/lib/gcc/msp430/4.6.3/../../../../msp430/lib/mmpy-16/libc.a(strncmp.o)
                              contiki-sky.a(sensors.o) (strncmp)
/usr/lib/gcc/msp430/4.6.3/../../../../msp430/lib/mmpy-16/libc.a(memcmp.o)
                              contiki-sky.a(linkaddr.o) (memcmp)
/usr/lib/gcc/msp430/4.6.3/../../../../msp430/lib/mmpy-16/libc.a(memcpy.o)
                              contiki-sky.a(packetbuf.o) (memcpy)
/usr/lib/gcc/msp430/4.6.3/../../../../msp430/lib/mmpy-16/libc.a(memset.o)
                              obj_sky/contiki-sky-main.o (memset)
/usr/lib/gcc/msp430/4.6.3/../../../../msp430/lib/mmpy-16/libc.a(printf.o)
                              Collector.co (printf)
[...]
Memory Configuration

Name             Origin             Length             Attributes
sfr              0x00000000         0x00000010
peripheral_8bit  0x00000010         0x000000f0
peripheral_16bit 0x00000100         0x00000100
ram_mirror       0x00000200         0x00000800         xw
infomem          0x00001000         0x00000100
infob            0x00001000         0x00000080
infoa            0x00001080         0x00000080
ram              0x00001100         0x00002800         xw
rom              0x00004000         0x0000bfe0         xr
vectors          0x0000ffe0         0x00000020
bsl              0x00000000         0x00000000
infoc            0x00000000         0x00000000
infod            0x00000000         0x00000000
ram2             0x00000000         0x00000000         xw
usbram           0x00000000         0x00000000         xw
far_rom          0x00000000         0x00000000
*default*        0x00000000         0xffffffff

Linker script and memory map

LOAD /usr/lib/gcc/msp430/4.6.3/mmpy-16/crt0ivtbl16.o
LOAD Collector.co
LOAD obj_sky/contiki-sky-main.o
LOAD contiki-sky.a
LOAD /usr/lib/gcc/msp430/4.6.3/mmpy-16/libgcc.a
LOAD /usr/lib/gcc/msp430/4.6.3/../../../../msp430/lib/mmpy-16/libc.a
LOAD /usr/lib/gcc/msp430/4.6.3/mmpy-16/libgcc.a
LOAD /usr/lib/gcc/msp430/4.6.3/mmpy-16/libcrt0.a
                0x00000080                PROVIDE (__info_segment_size, 0x80)
                0x00001000                PROVIDE (__infob, 0x1000)
                0x00001080                PROVIDE (__infoa, 0x1080)
                0x00000000                __IE1 = 0x0
                0x00000002                __IFG1 = 0x2
                0x00000004                __ME1 = 0x4
                0x00000001                __IE2 = 0x1
                0x00000003                __IFG2 = 0x3
                0x00000005                __ME2 = 0x5
                0x00000120                __WDTCTL = 0x120
                0x00000130                __MPY = 0x130
                0x00000132                __MPYS = 0x132
                0x00000134                __MAC = 0x134
                0x00000136                __MACS = 0x136
                0x00000138                __OP2 = 0x138
                0x0000013a                __RESLO = 0x13a
                0x0000013c                __RESHI = 0x13c
                0x0000013e                __SUMEXT = 0x13e
                0x00000020                __P1IN = 0x20
                0x00000021                __P1OUT = 0x21
                0x00000022                __P1DIR = 0x22
                0x00000023                __P1IFG = 0x23
                0x00000024                __P1IES = 0x24
                0x00000025                __P1IE = 0x25
                0x00000026                __P1SEL = 0x26
                0x00000028                __P2IN = 0x28
                0x00000029                __P2OUT = 0x29
                0x0000002a                __P2DIR = 0x2a
                0x0000002b                __P2IFG = 0x2b
                0x0000002c                __P2IES = 0x2c
                0x0000002d                __P2IE = 0x2d
                0x0000002e                __P2SEL = 0x2e
                0x00000018                __P3IN = 0x18
                0x00000019                __P3OUT = 0x19
                0x0000001a                __P3DIR = 0x1a
                0x0000001b                __P3SEL = 0x1b
                0x0000001c                __P4IN = 0x1c
                0x0000001d                __P4OUT = 0x1d
                0x0000001e                __P4DIR = 0x1e
                0x0000001f                __P4SEL = 0x1f
                0x00000030                __P5IN = 0x30
                0x00000031                __P5OUT = 0x31
                0x00000032                __P5DIR = 0x32
                0x00000033                __P5SEL = 0x33
                0x00000034                __P6IN = 0x34
                0x00000035                __P6OUT = 0x35
                0x00000036                __P6DIR = 0x36
                0x00000037                __P6SEL = 0x37
                0x00000070                __U0CTL = 0x70
                0x00000071                __U0TCTL = 0x71
                0x00000072                __U0RCTL = 0x72
                0x00000073                __U0MCTL = 0x73
                0x00000074                __U0BR0 = 0x74
                0x00000075                __U0BR1 = 0x75
                0x00000076                __U0RXBUF = 0x76
                0x00000077                __U0TXBUF = 0x77
                0x00000078                __U1CTL = 0x78
                0x00000079                __U1TCTL = 0x79
                0x0000007a                __U1RCTL = 0x7a
                0x0000007b                __U1MCTL = 0x7b
                0x0000007c                __U1BR0 = 0x7c
                0x0000007d                __U1BR1 = 0x7d
                0x0000007e                __U1RXBUF = 0x7e
                0x0000007f                __U1TXBUF = 0x7f
                0x00000050                __I2CIE = 0x50
                0x00000051                __I2CIFG = 0x51
                0x00000052                __I2CNDAT = 0x52
                0x00000071                __I2CTCTL = 0x71
                0x00000072                __I2CDCTL = 0x72
                0x00000073                __I2CPSC = 0x73
                0x00000074                __I2CSCLH = 0x74
                0x00000075                __I2CSCLL = 0x75
                0x00000076                __I2CDRB = 0x76
                0x00000076                __I2CDRW = 0x76
                0x00000118                __I2COA = 0x118
                0x0000011a                __I2CSA = 0x11a
                0x0000011c                __I2CIV = 0x11c
                0x0000012e                __TAIV = 0x12e
                0x00000160                __TACTL = 0x160
                0x00000162                __TACCTL0 = 0x162
                0x00000164                __TACCTL1 = 0x164
                0x00000166                __TACCTL2 = 0x166
                0x00000170                __TAR = 0x170
                0x00000172                __TACCR0 = 0x172
                0x00000174                __TACCR1 = 0x174
                0x00000176                __TACCR2 = 0x176
                0x0000011e                __TBIV = 0x11e
                0x00000180                __TBCTL = 0x180
                0x00000182                __TBCCTL0 = 0x182
                0x00000184                __TBCCTL1 = 0x184
                0x00000186                __TBCCTL2 = 0x186
                0x00000188                __TBCCTL3 = 0x188
                0x0000018a                __TBCCTL4 = 0x18a
                0x0000018c                __TBCCTL5 = 0x18c
                0x0000018e                __TBCCTL6 = 0x18e
                0x00000190                __TBR = 0x190
                0x00000192                __TBCCR0 = 0x192
                0x00000194                __TBCCR1 = 0x194
                0x00000196                __TBCCR2 = 0x196
                0x00000198                __TBCCR3 = 0x198
                0x0000019a                __TBCCR4 = 0x19a
                0x0000019c                __TBCCR5 = 0x19c
                0x0000019e                __TBCCR6 = 0x19e
                0x00000056                __DCOCTL = 0x56
                0x00000057                __BCSCTL1 = 0x57
                0x00000058                __BCSCTL2 = 0x58
                0x00000055                __SVSCTL = 0x55
                0x00000128                __FCTL1 = 0x128
                0x0000012a                __FCTL2 = 0x12a
                0x0000012c                __FCTL3 = 0x12c
                0x00000059                __CACTL1 = 0x59
                0x0000005a                __CACTL2 = 0x5a
                0x0000005b                __CAPD = 0x5b
                0x000001a0                __ADC12CTL0 = 0x1a0
                0x000001a2                __ADC12CTL1 = 0x1a2
                0x000001a4                __ADC12IFG = 0x1a4
                0x000001a6                __ADC12IE = 0x1a6
                0x000001a8                __ADC12IV = 0x1a8
                0x00000140                __ADC12MEM0 = 0x140
                0x00000142                __ADC12MEM1 = 0x142
                0x00000144                __ADC12MEM2 = 0x144
                0x00000146                __ADC12MEM3 = 0x146
                0x00000148                __ADC12MEM4 = 0x148
                0x0000014a                __ADC12MEM5 = 0x14a
                0x0000014c                __ADC12MEM6 = 0x14c
                0x0000014e                __ADC12MEM7 = 0x14e
                0x00000150                __ADC12MEM8 = 0x150
                0x00000152                __ADC12MEM9 = 0x152
                0x00000154                __ADC12MEM10 = 0x154
                0x00000156                __ADC12MEM11 = 0x156
                0x00000158                __ADC12MEM12 = 0x158
                0x0000015a                __ADC12MEM13 = 0x15a
                0x0000015c                __ADC12MEM14 = 0x15c
                0x0000015e                __ADC12MEM15 = 0x15e
                0x00000080                __ADC12MCTL0 = 0x80
                0x00000081                __ADC12MCTL1 = 0x81
                0x00000082                __ADC12MCTL2 = 0x82
                0x00000083                __ADC12MCTL3 = 0x83
                0x00000084                __ADC12MCTL4 = 0x84
                0x00000085                __ADC12MCTL5 = 0x85
                0x00000086                __ADC12MCTL6 = 0x86
                0x00000087                __ADC12MCTL7 = 0x87
                0x00000088                __ADC12MCTL8 = 0x88
                0x00000089                __ADC12MCTL9 = 0x89
                0x0000008a                __ADC12MCTL10 = 0x8a
                0x0000008b                __ADC12MCTL11 = 0x8b
                0x0000008c                __ADC12MCTL12 = 0x8c
                0x0000008d                __ADC12MCTL13 = 0x8d
                0x0000008e                __ADC12MCTL14 = 0x8e
                0x0000008f                __ADC12MCTL15 = 0x8f
                0x000001c0                __DAC12_0CTL = 0x1c0
                0x000001c2                __DAC12_1CTL = 0x1c2
                0x000001c8                __DAC12_0DAT = 0x1c8
                0x000001ca                __DAC12_1DAT = 0x1ca
                0x00000122                __DMACTL0 = 0x122
                0x00000124                __DMACTL1 = 0x124
                0x000001e0                __DMA0CTL = 0x1e0
                0x000001e8                __DMA1CTL = 0x1e8
                0x000001f0                __DMA2CTL = 0x1f0
                0x000001e2                __DMA0SA = 0x1e2
                0x000001e4                __DMA0DA = 0x1e4
                0x000001e6                __DMA0SZ = 0x1e6
                0x000001ea                __DMA1SA = 0x1ea
                0x000001ec                __DMA1DA = 0x1ec
                0x000001ee                __DMA1SZ = 0x1ee
                0x000001f2                __DMA2SA = 0x1f2
                0x000001f4                __DMA2DA = 0x1f4
                0x000001f6                __DMA2SZ = 0x1f6

.hash
 *(.hash)

.dynsym
 *(.dynsym)

.dynstr
 *(.dynstr)

.gnu.version
 *(.gnu.version)

.gnu.version_d
 *(.gnu.version_d)

.gnu.version_r
 *(.gnu.version_r)

.rel.init
 *(.rel.init)

.rela.init
 *(.rela.init)

.rel.fini
 *(.rel.fini)

.rela.fini
 *(.rela.fini)

.rel.text
 *(.rel.text .rel.text.* .rel.gnu.linkonce.t.*)

.rela.text
 *(.rela.text .rela.text.* .rela.gnu.linkonce.t.*)

.rel.rodata
 *(.rel.rodata .rel.rodata.* .rel.gnu.linkonce.r.*)

.rela.rodata
 *(.rela.rodata .rela.rodata.* .rela.gnu.linkonce.r.*)

.rel.data
 *(.rel.data .rel.data.* .rel.gnu.linkonce.d.*)

.rela.data
 *(.rela.data .rela.data.* .rela.gnu.linkonce.d.*)

.rel.bss
 *(.rel.bss .rel.bss.* .rel.gnu.linkonce.b.*)

.rela.bss
 *(.rela.bss .rela.bss.* .rela.gnu.linkonce.b.*)

.rel.ctors
 *(.rel.ctors)

.rela.ctors
 *(.rela.ctors)

.rel.dtors
 *(.rel.dtors)

.rela.dtors
 *(.rela.dtors)

.rel.got
 *(.rel.got)

.rela.got
 *(.rela.got)

.rel.plt
 *(.rel.plt)

.rela.plt
 *(.rela.plt)

.text           0x00004000     0x4e8e
                0x00004000                . = ALIGN (0x2)
 *(.init .init.*)
 *(.init0)
 .init0         0x00004000        0x0 /usr/lib/gcc/msp430/4.6.3/mmpy-16/libcrt0.a(_reset_vector__.o)
                0x00004000                _reset_vector__
 *(.init1)
 .init1         0x00004000        0xc /usr/lib/gcc/msp430/4.6.3/mmpy-16/libcrt0.a(__watchdog_support.o)
                0x00004000                __watchdog_support
 *(.init2)
 .init2         0x0000400c        0x4 /usr/lib/gcc/msp430/4.6.3/mmpy-16/libcrt0.a(__init_stack.o)
                0x0000400c                __init_stack
 *(.init3)
 .init3         0x00004010        0x0 /usr/lib/gcc/msp430/4.6.3/mmpy-16/libcrt0.a(__low_level_init.o)
                0x00004010                __low_level_init
 *(.init4)
 .init4         0x00004010       0x18 /usr/lib/gcc/msp430/4.6.3/mmpy-16/libcrt0.a(_copy_data.o)
                0x00004010                __do_copy_data
 .init4         0x00004028       0x16 /usr/lib/gcc/msp430/4.6.3/mmpy-16/libcrt0.a(_clear_bss.o)
                0x00004028                __do_clear_bss
 *(.init5)
 *(.init6)
 *(.init7)
 *(.init8)
 *(.init9)
 .init9         0x0000403e      0x2d0 obj_sky/contiki-sky-main.o
                0x0000403e                main
 *(.fini9)
 .fini9         0x0000430e        0x0 /usr/lib/gcc/msp430/4.6.3/mmpy-16/libcrt0.a(__stop_progExec__.o)
                0x0000430e                __stop_progExec__
 *(.fini8)
 *(.fini7)
 *(.fini6)
 *(.fini5)
 *(.fini4)
 *(.fini3)
 *(.fini2)
 *(.fini1)
 *(.fini0)
 .fini0         0x0000430e        0x6 /usr/lib/gcc/msp430/4.6.3/mmpy-16/libcrt0.a(_endless_loop__.o)
                0x0000430e                _endless_loop__
 *(.fini .fini.*)
                0x00004314                . = ALIGN (0x2)
                0x00004314                __ctors_start = .
 *(.ctors)
                0x00004314                __ctors_end = .
                0x00004314                __dtors_start = .
 *(.dtors)
                0x00004314                __dtors_end = .
                0x00004314                . = ALIGN (0x2)
 *(.text .text.* .gnu.linkonce.t.*)
 .text          0x00004314        0x4 /usr/lib/gcc/msp430/4.6.3/mmpy-16/crt0ivtbl16.o
                0x00004314                __isr_14
                0x00004314                __isr_11
                0x00004314                __isr_2
                0x00004314                __isr_7
                0x00004314                __isr_0
                0x00004314                __isr_8
                0x00004314                __isr_3
                0x00004314                __isr_12
                0x00004314                __isr_13
                0x00004314                __isr_9
 .text.process_thread_Collector
                0x00004318       0x8e Collector.co
 .text.recv_uc  0x000043a6       0x22 Collector.co
 .text.start_network_layer
                0x000043c8       0x3c obj_sky/contiki-sky-main.o
 .text.init_platform
                0x00004404        0xc contiki-sky.a(contiki-sky-pla)
                0x00004404                init_platform
 .text.status   0x00004410       0x16 contiki-sky.a(button-sensor.o)
 .text.configure
                0x00004426       0x52 contiki-sky.a(button-sensor.o)
 .text.value    0x00004478       0x22 contiki-sky.a(button-sensor.o)
 .text.irq_p2   0x0000449a       0x8a contiki-sky.a(button-sensor.o)
                0x0000449a                irq_p2
                0x0000449a                __isr_1
 .text.owreadb  0x00004524       0x52 contiki-sky.a(ds2411.o)
 .text.ds2411_init
                0x00004576      0x122 contiki-sky.a(ds2411.o)
                0x00004576                ds2411_init
 .text.wait_ready
                0x00004698       0x50 contiki-sky.a(xmem.o)
 .text.xmem_init
                0x000046e8       0x3e contiki-sky.a(xmem.o)
                0x000046e8                xmem_init
 .text.xmem_pread
                0x00004726       0xea contiki-sky.a(xmem.o)
                0x00004726                xmem_pread
 .text.node_id_restore
                0x00004810       0x38 contiki-sky.a(node-id.o)
                0x00004810                node_id_restore
 .text.process_thread_sensors_process
                0x00004848       0xbe contiki-sky.a(sensors.o)
 .text.sensors_changed
                0x00004906       0x2a contiki-sky.a(sensors.o)
                0x00004906                sensors_changed
 .text.get_object
                0x00004930        0x4 contiki-sky.a(cc2420.o)
 .text.set_object
                0x00004934        0x4 contiki-sky.a(cc2420.o)
 .text.strobe   0x00004938       0x20 contiki-sky.a(cc2420.o)
 .text.getreg   0x00004958       0x54 contiki-sky.a(cc2420.o)
 .text.setreg   0x000049ac       0x52 contiki-sky.a(cc2420.o)
 .text.write_ram
                0x000049fe       0x80 contiki-sky.a(cc2420.o)
 .text.write_fifo_buf
                0x00004a7e       0x40 contiki-sky.a(cc2420.o)
 .text.get_status
                0x00004abe       0x24 contiki-sky.a(cc2420.o)
 .text.set_txpower
                0x00004ae2       0x26 contiki-sky.a(cc2420.o)
 .text.cc2420_receiving_packet
                0x00004b08        0xe contiki-sky.a(cc2420.o)
 .text.pending_packet
                0x00004b16        0x8 contiki-sky.a(cc2420.o)
 .text.on       0x00004b1e       0x1e contiki-sky.a(cc2420.o)
 .text.wait_for_transmission
                0x00004b3c       0x22 contiki-sky.a(cc2420.o)
 .text.wait_for_status
                0x00004b5e       0x2a contiki-sky.a(cc2420.o)
 .text.getrxdata
                0x00004b88       0x56 contiki-sky.a(cc2420.o)
 .text.flushrx  0x00004bde       0x1a contiki-sky.a(cc2420.o)
 .text.off      0x00004bf8       0x5a contiki-sky.a(cc2420.o)
 .text.RELEASE_LOCK
                0x00004c52       0x28 contiki-sky.a(cc2420.o)
 .text.set_key  0x00004c7a       0x18 contiki-sky.a(cc2420.o)
 .text.cc2420_prepare
                0x00004c92       0x3c contiki-sky.a(cc2420.o)
 .text.cc2420_on
                0x00004cce       0x22 contiki-sky.a(cc2420.o)
                0x00004cce                cc2420_on
 .text.cc2420_off
                0x00004cf0       0x30 contiki-sky.a(cc2420.o)
                0x00004cf0                cc2420_off
 .text.cc2420_cca
                0x00004d20       0x5e contiki-sky.a(cc2420.o)
 .text.cc2420_read
                0x00004d7e       0xb0 contiki-sky.a(cc2420.o)
 .text.process_thread_cc2420_process
                0x00004e2e       0x50 contiki-sky.a(cc2420.o)
 .text.encrypt  0x00004e7e       0x8e contiki-sky.a(cc2420.o)
 .text.cc2420_set_channel
                0x00004f0c       0x3c contiki-sky.a(cc2420.o)
                0x00004f0c                cc2420_set_channel
 .text.cc2420_set_pan_addr
                0x00004f48       0x4c contiki-sky.a(cc2420.o)
                0x00004f48                cc2420_set_pan_addr
 .text.cc2420_interrupt
                0x00004f94       0x18 contiki-sky.a(cc2420.o)
                0x00004f94                cc2420_interrupt
 .text.cc2420_set_txpower
                0x00004fac        0xe contiki-sky.a(cc2420.o)
                0x00004fac                cc2420_set_txpower
 .text.cc2420_get_txpower
                0x00004fba       0x1e contiki-sky.a(cc2420.o)
                0x00004fba                cc2420_get_txpower
 .text.cc2420_transmit
                0x00004fd8      0x12a contiki-sky.a(cc2420.o)
 .text.cc2420_send
                0x00005102       0x12 contiki-sky.a(cc2420.o)
 .text.cc2420_rssi
                0x00005114       0x4c contiki-sky.a(cc2420.o)
                0x00005114                cc2420_rssi
 .text.get_value
                0x00005160       0xac contiki-sky.a(cc2420.o)
 .text.cc2420_set_cca_threshold
                0x0000520c       0x16 contiki-sky.a(cc2420.o)
                0x0000520c                cc2420_set_cca_threshold
 .text.set_value
                0x00005222       0x8a contiki-sky.a(cc2420.o)
 .text.cc2420_init
                0x000052ac       0xde contiki-sky.a(cc2420.o)
                0x000052ac                cc2420_init
 .text.cc2420_port1_interrupt
                0x0000538a       0x62 contiki-sky.a(cc2420-arch.o)
                0x0000538a                __isr_4
                0x0000538a                cc2420_port1_interrupt
 .text.cc2420_arch_init
                0x000053ec       0x1a contiki-sky.a(cc2420-arch.o)
                0x000053ec                cc2420_arch_init
 .text.handle_rxdma_timer
                0x00005406       0x3a contiki-sky.a(uart1.o)
 .text.uart1_active
                0x00005440       0x1a contiki-sky.a(uart1.o)
                0x00005440                uart1_active
 .text.uart1_set_input
                0x0000545a       0x20 contiki-sky.a(uart1.o)
                0x0000545a                uart1_set_input
 .text.uart1_writeb
                0x0000547a       0x1a contiki-sky.a(uart1.o)
                0x0000547a                uart1_writeb
 .text.uart1_init
                0x00005494       0xf6 contiki-sky.a(uart1.o)
                0x00005494                uart1_init
 .text.putchar  0x0000558a       0x10 contiki-sky.a(uart1-putchar.o)
                0x0000558a                putchar
 .text.msp430_init_dco
                0x0000559a       0x84 contiki-sky.a(msp430.o)
                0x0000559a                msp430_init_dco
 .text.msp430_add_lpm_req
                0x0000561e        0xc contiki-sky.a(msp430.o)
                0x0000561e                msp430_add_lpm_req
 .text.msp430_cpu_init
                0x0000562a       0x2a contiki-sky.a(msp430.o)
                0x0000562a                msp430_cpu_init
 .text.splhigh_
                0x00005654        0x8 contiki-sky.a(msp430.o)
                0x00005654                splhigh_
 .text.msp430_sync_dco
                0x0000565c       0x68 contiki-sky.a(msp430.o)
                0x0000565c                msp430_sync_dco
 .text.timera1  0x000056c4      0x11e contiki-sky.a(clock.o)
                0x000056c4                __isr_5
                0x000056c4                timera1
 .text.clock_time
                0x000057e2       0x1a contiki-sky.a(clock.o)
                0x000057e2                clock_time
 .text.clock_init
                0x000057fc       0x28 contiki-sky.a(clock.o)
                0x000057fc                clock_init
 .text.clock_delay
                0x00005824        0xc contiki-sky.a(clock.o)
                0x00005824                clock_delay
 .text.show_leds
                0x00005830       0xf6 contiki-sky.a(leds.o)
 .text.leds_init
                0x00005926        0xa contiki-sky.a(leds.o)
                0x00005926                leds_init
 .text.leds_on  0x00005930        0xa contiki-sky.a(leds.o)
                0x00005930                leds_on
 .text.leds_off
                0x0000593a        0xe contiki-sky.a(leds.o)
                0x0000593a                leds_off
 .text.leds_arch_init
                0x00005948        0xe contiki-sky.a(leds-arch.o)
                0x00005948                leds_arch_init
 .text.leds_arch_set
                0x00005956       0x3a contiki-sky.a(leds-arch.o)
                0x00005956                leds_arch_set
 .text.watchdog_interrupt
                0x00005990        0x6 contiki-sky.a(watchdog.o)
                0x00005990                __isr_10
                0x00005990                watchdog_interrupt
 .text.watchdog_start
                0x00005996       0x14 contiki-sky.a(watchdog.o)
                0x00005996                watchdog_start
 .text.watchdog_periodic
                0x000059aa       0x12 contiki-sky.a(watchdog.o)
                0x000059aa                watchdog_periodic
 .text.watchdog_stop
                0x000059bc       0x16 contiki-sky.a(watchdog.o)
                0x000059bc                watchdog_stop
 .text.watchdog_init
                0x000059d2       0x14 contiki-sky.a(watchdog.o)
                0x000059d2                watchdog_init
 .text.rtimer_arch_init
                0x000059e6        0xe contiki-sky.a(rtimer-arch.o)
                0x000059e6                rtimer_arch_init
 .text.rtimer_arch_now
                0x000059f4        0xe contiki-sky.a(rtimer-arch.o)
                0x000059f4                rtimer_arch_now
 .text.timera0  0x00005a02       0x70 contiki-sky.a(rtimer-arch.o)
                0x00005a02                __isr_6
                0x00005a02                timera0
 .text.rtimer_arch_schedule
                0x00005a72        0x6 contiki-sky.a(rtimer-arch.o)
                0x00005a72                rtimer_arch_schedule
 .text.autostart_start
                0x00005a78       0x16 contiki-sky.a(autostart.o)
                0x00005a78                autostart_start
 .text.process_thread_ctimer_process
                0x00005a8e       0xa4 contiki-sky.a(ctimer.o)
 .text.ctimer_init
                0x00005b32       0x18 contiki-sky.a(ctimer.o)
                0x00005b32                ctimer_init
 .text.ctimer_set
                0x00005b4a       0x50 contiki-sky.a(ctimer.o)
                0x00005b4a                ctimer_set
 .text.ctimer_reset
                0x00005b9a       0x30 contiki-sky.a(ctimer.o)
                0x00005b9a                ctimer_reset
 .text.ctimer_stop
                0x00005bca       0x28 contiki-sky.a(ctimer.o)
                0x00005bca                ctimer_stop
 .text.energest_init
                0x00005bf2       0x28 contiki-sky.a(energest.o)
                0x00005bf2                energest_init
 .text.energest_type_time
                0x00005c1a       0x46 contiki-sky.a(energest.o)
                0x00005c1a                energest_type_time
 .text.energest_type_set
                0x00005c60        0xe contiki-sky.a(energest.o)
                0x00005c60                energest_type_set
 .text.energest_flush
                0x00005c6e       0x48 contiki-sky.a(energest.o)
                0x00005c6e                energest_flush
 .text.update_time
                0x00005cb6       0x78 contiki-sky.a(etimer.o)
 .text.etimer_request_poll
                0x00005d2e        0xa contiki-sky.a(etimer.o)
                0x00005d2e                etimer_request_poll
 .text.process_thread_etimer_process
                0x00005d38       0xc8 contiki-sky.a(etimer.o)
 .text.add_timer
                0x00005e00       0x40 contiki-sky.a(etimer.o)
 .text.etimer_set
                0x00005e40       0x12 contiki-sky.a(etimer.o)
                0x00005e40                etimer_set
 .text.etimer_reset
                0x00005e52       0x12 contiki-sky.a(etimer.o)
                0x00005e52                etimer_reset
 .text.etimer_expired
                0x00005e64        0xe contiki-sky.a(etimer.o)
                0x00005e64                etimer_expired
 .text.etimer_pending
                0x00005e72        0xc contiki-sky.a(etimer.o)
                0x00005e72                etimer_pending
 .text.etimer_next_expiration_time
                0x00005e7e       0x16 contiki-sky.a(etimer.o)
                0x00005e7e                etimer_next_expiration_time
 .text.etimer_stop
                0x00005e94       0x3c contiki-sky.a(etimer.o)
                0x00005e94                etimer_stop
 .text.call_process
                0x00005ed0       0x4a contiki-sky.a(process.o)
 .text.exit_process
                0x00005f1a       0x96 contiki-sky.a(process.o)
 .text.do_poll  0x00005fb0       0x30 contiki-sky.a(process.o)
 .text.process_alloc_event
                0x00005fe0        0xe contiki-sky.a(process.o)
                0x00005fe0                process_alloc_event
 .text.process_init
                0x00005fee       0x1c contiki-sky.a(process.o)
                0x00005fee                process_init
 .text.process_run
                0x0000600a       0xa2 contiki-sky.a(process.o)
                0x0000600a                process_run
 .text.process_nevents
                0x000060ac        0xe contiki-sky.a(process.o)
                0x000060ac                process_nevents
 .text.process_post
                0x000060ba       0x54 contiki-sky.a(process.o)
                0x000060ba                process_post
 .text.process_post_synch
                0x0000610e       0x12 contiki-sky.a(process.o)
                0x0000610e                process_post_synch
 .text.process_start
                0x00006120       0x32 contiki-sky.a(process.o)
                0x00006120                process_start
 .text.process_poll
                0x00006152       0x18 contiki-sky.a(process.o)
                0x00006152                process_poll
 .text.rtimer_init
                0x0000616a        0x6 contiki-sky.a(rtimer.o)
                0x0000616a                rtimer_init
 .text.rtimer_set
                0x00006170       0x24 contiki-sky.a(rtimer.o)
                0x00006170                rtimer_set
 .text.rtimer_run_next
                0x00006194       0x26 contiki-sky.a(rtimer.o)
                0x00006194                rtimer_run_next
 .text.timer_set
                0x000061ba       0x1c contiki-sky.a(timer.o)
                0x000061ba                timer_set
 .text.timer_reset
                0x000061d6        0xe contiki-sky.a(timer.o)
                0x000061d6                timer_reset
 .text.timer_expired
                0x000061e4       0x2a contiki-sky.a(timer.o)
                0x000061e4                timer_expired
 .text.process_thread_serial_line_process
                0x0000620e       0x9c contiki-sky.a(serial-line.o)
 .text.serial_line_input_byte
                0x000062aa       0x4a contiki-sky.a(serial-line.o)
                0x000062aa                serial_line_input_byte
 .text.serial_line_init
                0x000062f4       0x1c contiki-sky.a(serial-line.o)
                0x000062f4                serial_line_init
 .text.list_init
                0x00006310        0x6 contiki-sky.a(list.o)
                0x00006310                list_init
 .text.list_head
                0x00006316        0x4 contiki-sky.a(list.o)
                0x00006316                list_head
 .text.list_tail
                0x0000631a       0x12 contiki-sky.a(list.o)
                0x0000631a                list_tail
 .text.list_remove
                0x0000632c       0x34 contiki-sky.a(list.o)
                0x0000632c                list_remove
 .text.list_push
                0x00006360       0x1a contiki-sky.a(list.o)
                0x00006360                list_push
 .text.list_add
                0x0000637a       0x2a contiki-sky.a(list.o)
                0x0000637a                list_add
 .text.list_length
                0x000063a4       0x10 contiki-sky.a(list.o)
                0x000063a4                list_length
 .text.list_item_next
                0x000063b4        0xc contiki-sky.a(list.o)
                0x000063b4                list_item_next
 .text.random_init
                0x000063c0        0x6 contiki-sky.a(random.o)
                0x000063c0                random_init
 .text.random_rand
                0x000063c6        0x6 contiki-sky.a(random.o)
                0x000063c6                random_rand
 .text.ringbuf_init
                0x000063cc       0x14 contiki-sky.a(ringbuf.o)
                0x000063cc                ringbuf_init
 .text.ringbuf_put
                0x000063e0       0x38 contiki-sky.a(ringbuf.o)
                0x000063e0                ringbuf_put
 .text.ringbuf_get
                0x00006418       0x32 contiki-sky.a(ringbuf.o)
                0x00006418                ringbuf_get
 .text.sent_by_abc
                0x0000644a       0x10 contiki-sky.a(broadcast.o)
 .text.recv_from_abc
                0x0000645a       0x26 contiki-sky.a(broadcast.o)
 .text.broadcast_open
                0x00006480       0x2a contiki-sky.a(broadcast.o)
                0x00006480                broadcast_open
 .text.broadcast_close
                0x000064aa        0x6 contiki-sky.a(broadcast.o)
                0x000064aa                broadcast_close
 .text.broadcast_send
                0x000064b0       0x1a contiki-sky.a(broadcast.o)
                0x000064b0                broadcast_send
 .text.channel_init
                0x000064ca        0xa contiki-sky.a(channel.o)
                0x000064ca                channel_init
 .text.channel_open
                0x000064d4       0x10 contiki-sky.a(channel.o)
                0x000064d4                channel_open
 .text.channel_close
                0x000064e4        0xc contiki-sky.a(channel.o)
                0x000064e4                channel_close
 .text.channel_lookup
                0x000064f0       0x20 contiki-sky.a(channel.o)
                0x000064f0                channel_lookup
 .text.channel_set_attributes
                0x00006510       0x24 contiki-sky.a(channel.o)
                0x00006510                channel_set_attributes
 .text.input    0x00006534       0x3a contiki-sky.a(rime.o)
 .text.init     0x0000656e       0x2e contiki-sky.a(rime.o)
 .text.packet_sent
                0x0000659c       0x44 contiki-sky.a(rime.o)
 .text.rime_output
                0x000065e0       0x24 contiki-sky.a(rime.o)
                0x000065e0                rime_output
 .text.sent_by_broadcast
                0x00006604       0x10 contiki-sky.a(unicast.o)
 .text.recv_from_broadcast
                0x00006614       0x2e contiki-sky.a(unicast.o)
 .text.unicast_open
                0x00006642       0x2a contiki-sky.a(unicast.o)
                0x00006642                unicast_open
 .text.unicast_close
                0x0000666c        0x6 contiki-sky.a(unicast.o)
                0x0000666c                unicast_close
 .text.input_packet
                0x00006672        0x6 contiki-sky.a(csma.o)
 .text.on       0x00006678        0x6 contiki-sky.a(csma.o)
 .text.off      0x0000667e        0x6 contiki-sky.a(csma.o)
 .text.channel_check_interval
                0x00006684       0x10 contiki-sky.a(csma.o)
 .text.transmit_packet_list
                0x00006694       0x24 contiki-sky.a(csma.o)
 .text.send_packet
                0x000066b8      0x184 contiki-sky.a(csma.o)
 .text.init     0x0000683c       0x1a contiki-sky.a(csma.o)
 .text.free_packet
                0x00006856       0x98 contiki-sky.a(csma.o)
 .text.packet_sent
                0x000068ee      0x12e contiki-sky.a(csma.o)
 .text.mac_call_sent_callback
                0x00006a1c       0x14 contiki-sky.a(mac.o)
                0x00006a1c                mac_call_sent_callback
 .text.linkaddr_copy
                0x00006a30        0xc contiki-sky.a(linkaddr.o)
                0x00006a30                linkaddr_copy
 .text.linkaddr_cmp
                0x00006a3c       0x12 contiki-sky.a(linkaddr.o)
                0x00006a3c                linkaddr_cmp
 .text.linkaddr_set_node_addr
                0x00006a4e        0xc contiki-sky.a(linkaddr.o)
                0x00006a4e                linkaddr_set_node_addr
 .text.packetbuf_compact
                0x00006a5a       0x2e contiki-sky.a(packetbuf.o)
                0x00006a5a                packetbuf_compact
 .text.packetbuf_copyto
                0x00006a88       0x52 contiki-sky.a(packetbuf.o)
                0x00006a88                packetbuf_copyto
 .text.packetbuf_hdrreduce
                0x00006ada       0x1a contiki-sky.a(packetbuf.o)
                0x00006ada                packetbuf_hdrreduce
 .text.packetbuf_set_datalen
                0x00006af4        0x6 contiki-sky.a(packetbuf.o)
                0x00006af4                packetbuf_set_datalen
 .text.packetbuf_dataptr
                0x00006afa        0xe contiki-sky.a(packetbuf.o)
                0x00006afa                packetbuf_dataptr
 .text.packetbuf_hdrptr
                0x00006b08        0xa contiki-sky.a(packetbuf.o)
                0x00006b08                packetbuf_hdrptr
 .text.packetbuf_datalen
                0x00006b12        0x6 contiki-sky.a(packetbuf.o)
                0x00006b12                packetbuf_datalen
 .text.packetbuf_hdrlen
                0x00006b18       0x10 contiki-sky.a(packetbuf.o)
                0x00006b18                packetbuf_hdrlen
 .text.packetbuf_totlen
                0x00006b28        0xc contiki-sky.a(packetbuf.o)
                0x00006b28                packetbuf_totlen
 .text.packetbuf_hdralloc
                0x00006b34       0x2e contiki-sky.a(packetbuf.o)
                0x00006b34                packetbuf_hdralloc
 .text.packetbuf_attr_clear
                0x00006b62       0x2c contiki-sky.a(packetbuf.o)
                0x00006b62                packetbuf_attr_clear
 .text.packetbuf_clear
                0x00006b8e       0x1a contiki-sky.a(packetbuf.o)
                0x00006b8e                packetbuf_clear
 .text.packetbuf_copyfrom
                0x00006ba8       0x2e contiki-sky.a(packetbuf.o)
                0x00006ba8                packetbuf_copyfrom
 .text.packetbuf_attr_copyto
                0x00006bd6       0x20 contiki-sky.a(packetbuf.o)
                0x00006bd6                packetbuf_attr_copyto
 .text.packetbuf_attr_copyfrom
                0x00006bf6       0x22 contiki-sky.a(packetbuf.o)
                0x00006bf6                packetbuf_attr_copyfrom
 .text.packetbuf_holds_broadcast
                0x00006c18        0xe contiki-sky.a(packetbuf.o)
                0x00006c18                packetbuf_holds_broadcast
 .text.queuebuf_init
                0x00006c26       0x12 contiki-sky.a(queuebuf.o)
                0x00006c26                queuebuf_init
 .text.queuebuf_new_from_packetbuf
                0x00006c38       0x52 contiki-sky.a(queuebuf.o)
                0x00006c38                queuebuf_new_from_packetbuf
 .text.queuebuf_update_attr_from_packetbuf
                0x00006c8a       0x12 contiki-sky.a(queuebuf.o)
                0x00006c8a                queuebuf_update_attr_from_packetbuf
 .text.queuebuf_update_from_packetbuf
                0x00006c9c       0x22 contiki-sky.a(queuebuf.o)
                0x00006c9c                queuebuf_update_from_packetbuf
 .text.queuebuf_free
                0x00006cbe       0x2a contiki-sky.a(queuebuf.o)
                0x00006cbe                queuebuf_free
 .text.queuebuf_to_packetbuf
                0x00006ce8       0x32 contiki-sky.a(queuebuf.o)
                0x00006ce8                queuebuf_to_packetbuf
 .text.queuebuf_attr
                0x00006d1a        0xe contiki-sky.a(queuebuf.o)
                0x00006d1a                queuebuf_attr
 .text.duty_cycle
                0x00006d28        0x6 contiki-sky.a(contikimac.o)
 .text.init     0x00006d2e       0x2a contiki-sky.a(contikimac.o)
 .text.on       0x00006d58       0x1a contiki-sky.a(contikimac.o)
 .text.off      0x00006d72       0x22 contiki-sky.a(contikimac.o)
 .text.recv_burst_off
                0x00006d94        0xa contiki-sky.a(contikimac.o)
 .text.turn_off
                0x00006d9e       0x20 contiki-sky.a(contikimac.o)
 .text.turn_on  0x00006dbe       0x30 contiki-sky.a(contikimac.o)
 .text.schedule_powercycle_fixed.part.4
                0x00006dee       0x36 contiki-sky.a(contikimac.o)
 .text.powercycle_turn_radio_off
                0x00006e24       0x30 contiki-sky.a(contikimac.o)
 .text.powercycle
                0x00006e54      0x1d2 contiki-sky.a(contikimac.o)
 .text.input_packet
                0x00007026       0xb2 contiki-sky.a(contikimac.o)
 .text.send_packet.isra.7
                0x000070d8      0x1ec contiki-sky.a(contikimac.o)
 .text.qsend_list
                0x000072c4       0xc4 contiki-sky.a(contikimac.o)
 .text.qsend_packet
                0x00007388       0x28 contiki-sky.a(contikimac.o)
 .text.hdr_length
                0x000073b0        0x8 contiki-sky.a(contikimac-fram)
 .text.parse    0x000073b8       0x3e contiki-sky.a(contikimac-fram)
 .text.create   0x000073f6       0x2a contiki-sky.a(contikimac-fram)
 .text.create_and_secure
                0x00007420       0x6a contiki-sky.a(contikimac-fram)
 .text.bootstrap
                0x0000748a        0x4 contiki-sky.a(nullsec.o)
 .text.send     0x0000748e        0xa contiki-sky.a(nullsec.o)
 .text.on_frame_created
                0x00007498        0x4 contiki-sky.a(nullsec.o)
 .text.input    0x0000749c        0x6 contiki-sky.a(nullsec.o)
 .text.get_overhead
                0x000074a2        0x4 contiki-sky.a(nullsec.o)
 .text.spi_init
                0x000074a6       0x32 contiki-sky.a(spi.o)
                0x000074a6                spi_init
 .text.compower_accumulate
                0x000074d8       0x72 contiki-sky.a(compower.o)
                0x000074d8                compower_accumulate
 .text.compower_clear
                0x0000754a       0x12 contiki-sky.a(compower.o)
                0x0000754a                compower_clear
 .text.compower_attrconv
                0x0000755c       0x10 contiki-sky.a(compower.o)
                0x0000755c                compower_attrconv
 .text.memb_init
                0x0000756c       0x36 contiki-sky.a(memb.o)
                0x0000756c                memb_init
 .text.memb_alloc
                0x000075a2       0x3e contiki-sky.a(memb.o)
                0x000075a2                memb_alloc
 .text.memb_free
                0x000075e0       0x3a contiki-sky.a(memb.o)
                0x000075e0                memb_free
 .text.memb_inmemb
                0x0000761a       0x2e contiki-sky.a(memb.o)
                0x0000761a                memb_inmemb
 .text.abc_open
                0x00007648       0x26 contiki-sky.a(abc.o)
                0x00007648                abc_open
 .text.abc_close
                0x0000766e        0x6 contiki-sky.a(abc.o)
                0x0000766e                abc_close
 .text.abc_send
                0x00007674        0x6 contiki-sky.a(abc.o)
                0x00007674                abc_send
 .text.abc_input
                0x0000767a        0xe contiki-sky.a(abc.o)
                0x0000767a                abc_input
 .text.abc_sent
                0x00007688       0x10 contiki-sky.a(abc.o)
                0x00007688                abc_sent
 .text.announcement_init
                0x00007698        0xa contiki-sky.a(announcement.o)
                0x00007698                announcement_init
 .text.announcement_register_observer_callback
                0x000076a2        0x6 contiki-sky.a(announcement.o)
                0x000076a2                announcement_register_observer_callback
 .text.announcement_list
                0x000076a8        0xa contiki-sky.a(announcement.o)
                0x000076a8                announcement_list
 .text.announcement_heard
                0x000076b2       0x42 contiki-sky.a(announcement.o)
                0x000076b2                announcement_heard
 .text.adv_packet_sent
                0x000076f4        0x2 contiki-sky.a(broadcast-annou)
 .text.adv_packet_received
                0x000076f6       0x66 contiki-sky.a(broadcast-annou)
 .text.set_timers
                0x0000775c       0x4a contiki-sky.a(broadcast-annou)
 .text.send_timer
                0x000077a6       0x36 contiki-sky.a(broadcast-annou)
 .text.new_announcement
                0x000077dc       0x18 contiki-sky.a(broadcast-annou)
 .text.send_adv
                0x000077f4       0x66 contiki-sky.a(broadcast-annou)
 .text.broadcast_announcement_init
                0x0000785a       0x48 contiki-sky.a(broadcast-annou)
                0x0000785a                broadcast_announcement_init
 .text.chameleon_init
                0x000078a2        0x6 contiki-sky.a(chameleon.o)
                0x000078a2                chameleon_init
 .text.chameleon_parse
                0x000078a8       0x10 contiki-sky.a(chameleon.o)
                0x000078a8                chameleon_parse
 .text.chameleon_create
                0x000078b8       0x1c contiki-sky.a(chameleon.o)
                0x000078b8                chameleon_create
 .text.chameleon_hdrsize
                0x000078d4        0x6 contiki-sky.a(chameleon.o)
                0x000078d4                chameleon_hdrsize
 .text.parse    0x000078da       0x9e contiki-sky.a(framer-802154.o)
 .text.create_frame.isra.0
                0x00007978      0x104 contiki-sky.a(framer-802154.o)
 .text.create   0x00007a7c        0x8 contiki-sky.a(framer-802154.o)
 .text.hdr_length
                0x00007a84        0x8 contiki-sky.a(framer-802154.o)
 .text.framer_canonical_create_and_secure
                0x00007a8c       0x20 contiki-sky.a(framer.o)
                0x00007a8c                framer_canonical_create_and_secure
 .text.mac_sequence_is_duplicate
                0x00007aac       0x3c contiki-sky.a(mac-sequence.o)
                0x00007aac                mac_sequence_is_duplicate
 .text.mac_sequence_register_seqno
                0x00007ae8       0x64 contiki-sky.a(mac-sequence.o)
                0x00007ae8                mac_sequence_register_seqno
 .text.header_size
                0x00007b4c       0x16 contiki-sky.a(chameleon-bitop)
 .text.get_bits_in_byte
                0x00007b62       0x3a contiki-sky.a(chameleon-bitop)
                0x00007b62                get_bits_in_byte
 .text.get_bits
                0x00007b9c       0xa4 contiki-sky.a(chameleon-bitop)
                0x00007b9c                get_bits
 .text.unpack_header
                0x00007c40       0xd6 contiki-sky.a(chameleon-bitop)
 .text.set_bits_in_byte
                0x00007d16       0x2c contiki-sky.a(chameleon-bitop)
                0x00007d16                set_bits_in_byte
 .text.set_bits
                0x00007d42       0xd2 contiki-sky.a(chameleon-bitop)
                0x00007d42                set_bits
 .text.pack_header
                0x00007e14       0xbc contiki-sky.a(chameleon-bitop)
 .text.field_len
                0x00007ed0       0x98 contiki-sky.a(frame802154.o)
 .text.frame802154_hdrlen
                0x00007f68       0x2e contiki-sky.a(frame802154.o)
                0x00007f68                frame802154_hdrlen
 .text.frame802154_create
                0x00007f96      0x146 contiki-sky.a(frame802154.o)
                0x00007f96                frame802154_create
 .text.frame802154_parse
                0x000080dc      0x1da contiki-sky.a(frame802154.o)
                0x000080dc                frame802154_parse
 .text.libgcc   0x000082b6       0x2c /usr/lib/gcc/msp430/4.6.3/mmpy-16/libgcc.a(_mulsi3.o)
                0x000082b6                __mulsi3
 .text.libgcc   0x000082e2       0x40 /usr/lib/gcc/msp430/4.6.3/mmpy-16/libgcc.a(_udivmod32.o)
                0x000082e2                __udivsi3
                0x000082e2                __ext_udivmod32
                0x00008318                __umodsi3
 .text          0x00008322       0x20 /usr/lib/gcc/msp430/4.6.3/../../../../msp430/lib/mmpy-16/libc.a(memcmp.o)
                0x00008322                memcmp
 .text          0x00008342       0xfa /usr/lib/gcc/msp430/4.6.3/../../../../msp430/lib/mmpy-16/libc.a(memcpy.o)
                0x00008342                memcpy
 .text          0x0000843c       0x6a /usr/lib/gcc/msp430/4.6.3/../../../../msp430/lib/mmpy-16/libc.a(memset.o)
                0x0000843c                memset
 .text          0x000084a6       0x1e /usr/lib/gcc/msp430/4.6.3/../../../../msp430/lib/mmpy-16/libc.a(printf.o)
                0x000084a6                printf
                0x000084b6                vprintf
 .text          0x000084c4      0x836 /usr/lib/gcc/msp430/4.6.3/../../../../msp430/lib/mmpy-16/libc.a(vuprintf.o)
                0x0000865c                vuprintf
 .text          0x00008cfa       0x2c /usr/lib/gcc/msp430/4.6.3/../../../../msp430/lib/mmpy-16/libc.a(puts.o)
                0x00008cfa                puts
 .text          0x00008d26       0x54 /usr/lib/gcc/msp430/4.6.3/../../../../msp430/lib/mmpy-16/libc.a(rand.o)
                0x00008d26                rand_r
                0x00008d4a                rand
                0x00008d70                srand
 .text.libgcc   0x00008d7a       0x22 /usr/lib/gcc/msp430/4.6.3/mmpy-16/libgcc.a(_udivmod16.o)
                0x00008d7a                __udivhi3
                0x00008d7a                __ext_udivmod16
                0x00008d94                __umodhi3
 .text.libgcc   0x00008d9c       0xf0 /usr/lib/gcc/msp430/4.6.3/mmpy-16/libgcc.a(_udivmod64.o)
                0x00008d9c                __xabi_udivmod64
                0x00008dfa                __udivdi3
                0x00008e20                __umoddi3
                0x00008e4e                __udivmoddi4
 .text.crt0     0x00008e8c        0x2 /usr/lib/gcc/msp430/4.6.3/mmpy-16/libcrt0.a(_unexpected_.o)
                0x00008e8c                _unexpected_
                0x00008e8e                . = ALIGN (0x2)

.rodata         0x00008e8e      0x282
                0x00008e8e                . = ALIGN (0x2)
 *(.rodata .rodata.* .gnu.linkonce.r.*)
 .rodata        0x00008e8e       0x6c Collector.co
                0x00008eec                autostart_processes
 .rodata        0x00008efa       0xe5 obj_sky/contiki-sky-main.o
 *fill*         0x00008fdf        0x1 00
 .rodata        0x00008fe0       0x10 contiki-sky.a(button-sensor.o)
                0x00008fe8                button_sensor
 .rodata        0x00008ff0        0x8 contiki-sky.a(sensors.o)
 .rodata        0x00008ff8       0x5a contiki-sky.a(cc2420.o)
                0x00009014                cc2420_aes_128_driver
                0x00009018                cc2420_driver
 .rodata        0x00009052        0xf contiki-sky.a(ctimer.o)
 .rodata        0x00009061        0xc contiki-sky.a(etimer.o)
 .rodata        0x0000906d        0xe contiki-sky.a(serial-line.o)
 *fill*         0x0000907b        0x1 00
 .rodata        0x0000907c        0x8 contiki-sky.a(broadcast.o)
 .rodata        0x00009084        0xc contiki-sky.a(rime.o)
                0x0000908a                rime_driver
 .rodata        0x00009090        0xa contiki-sky.a(unicast.o)
 .rodata        0x0000909a       0x14 contiki-sky.a(csma.o)
                0x000090a0                csma_driver
 .rodata        0x000090ae        0x2 contiki-sky.a(linkaddr.o)
                0x000090ae                linkaddr_null
 .rodata        0x000090b0       0x1c contiki-sky.a(contikimac.o)
                0x000090bc                contikimac_driver
 .rodata        0x000090cc        0x8 contiki-sky.a(contikimac-fram)
                0x000090cc                contikimac_framer
 .rodata        0x000090d4       0x14 contiki-sky.a(nullsec.o)
                0x000090dc                nullsec_driver
 .rodata        0x000090e8        0x2 contiki-sky.a(abc.o)
 .rodata        0x000090ea        0x4 contiki-sky.a(broadcast-annou)
 .rodata        0x000090ee        0x8 contiki-sky.a(framer-802154.o)
                0x000090ee                framer_802154
 .rodata        0x000090f6       0x10 contiki-sky.a(chameleon-bitop)
                0x000090f6                chameleon_bitopt
 .rodata        0x00009106        0x2 contiki-sky.a(frame802154.o)
 .rodata        0x00009108        0x7 /usr/lib/gcc/msp430/4.6.3/../../../../msp430/lib/mmpy-16/libc.a(vuprintf.o)
                0x00009110                . = ALIGN (0x2)
 *fill*         0x0000910f        0x1 00
                0x00009110                _etext = .

.data           0x00001100       0x70 load address 0x00009110
                0x00001100                . = ALIGN (0x2)
                0x00001100                PROVIDE (__data_start, .)
 *(.data .data.* .gnu.linkonce.d.*)
 .data          0x00001100        0xc Collector.co
                0x00001100                Collector
 .data          0x0000110c        0x4 contiki-sky.a(contiki-sky-pla)
                0x0000110c                sensors
 .data          0x00001110        0xa contiki-sky.a(sensors.o)
                0x00001110                sensors_process
 .data          0x0000111a        0xa contiki-sky.a(cc2420.o)
                0x0000111a                cc2420_process
 .data          0x00001124        0x2 contiki-sky.a(msp430.o)
 .data          0x00001126        0xa contiki-sky.a(ctimer.o)
                0x00001126                ctimer_process
 .data          0x00001130        0xa contiki-sky.a(etimer.o)
                0x00001130                etimer_process
 .data          0x0000113a        0xa contiki-sky.a(serial-line.o)
                0x0000113a                serial_line_process
 .data          0x00001144       0x18 contiki-sky.a(csma.o)
 .data          0x0000115c       0x10 contiki-sky.a(queuebuf.o)
 .data          0x0000116c        0x4 /usr/lib/gcc/msp430/4.6.3/../../../../msp430/lib/mmpy-16/libc.a(rand.o)
                0x00001170                . = ALIGN (0x2)
                0x00001170                _edata = .
                0x00009110                PROVIDE (__data_load_start, LOADADDR (.data))
                0x00000070                PROVIDE (__data_size, SIZEOF (.data))

.bss            0x00001170     0x11d2 load address 0x00009180
                0x00001170                PROVIDE (__bss_start, .)
 *(.bss .bss.*)
 .bss           0x00001170       0x26 Collector.co
 .bss           0x00001196        0xc obj_sky/contiki-sky-main.o
 .bss           0x000011a2        0x8 contiki-sky.a(button-sensor.o)
 .bss           0x000011aa        0x2 contiki-sky.a(node-id.o)
                0x000011aa                node_id
 .bss           0x000011ac        0x6 contiki-sky.a(sensors.o)
 .bss           0x000011b2        0x8 contiki-sky.a(cc2420.o)
 .bss           0x000011ba       0x9a contiki-sky.a(uart1.o)
 .bss           0x00001254        0xa contiki-sky.a(clock.o)
 .bss           0x0000125e        0x1 contiki-sky.a(leds.o)
 *fill*         0x0000125f        0x1 00
 .bss           0x00001260        0x2 contiki-sky.a(watchdog.o)
 .bss           0x00001262        0x4 contiki-sky.a(ctimer.o)
 .bss           0x00001266        0x6 contiki-sky.a(etimer.o)
 .bss           0x0000126c       0x42 contiki-sky.a(process.o)
                0x0000126c                process_current
                0x0000126e                process_list
 .bss           0x000012ae        0x2 contiki-sky.a(rtimer.o)
 .bss           0x000012b0      0x10a contiki-sky.a(serial-line.o)
 .bss           0x000013ba        0x2 contiki-sky.a(channel.o)
 .bss           0x000013bc        0x2 contiki-sky.a(rime.o)
 .bss           0x000013be      0x128 contiki-sky.a(csma.o)
 .bss           0x000014e6       0xb8 contiki-sky.a(packetbuf.o)
 .bss           0x0000159e      0xc20 contiki-sky.a(queuebuf.o)
 .bss           0x000021be       0x32 contiki-sky.a(contikimac.o)
 .bss           0x000021f0        0x8 contiki-sky.a(compower.o)
 .bss           0x000021f8        0x6 contiki-sky.a(announcement.o)
 .bss           0x000021fe       0x46 contiki-sky.a(broadcast-annou)
 .bss           0x00002244        0x2 contiki-sky.a(framer-802154.o)
 .bss           0x00002246       0x40 contiki-sky.a(mac-sequence.o)
 *(COMMON)
 COMMON         0x00002286        0x2 contiki-sky.a(contiki-sky-pla)
                0x00002286                sensors_flags
 COMMON         0x00002288        0x8 contiki-sky.a(ds2411.o)
                0x00002288                ds2411_id
 COMMON         0x00002290        0x1 contiki-sky.a(sensors.o)
                0x00002290                sensors_event
 *fill*         0x00002291        0x1 00
 COMMON         0x00002292       0x10 contiki-sky.a(cc2420.o)
                0x00002292                cc2420_last_rssi
                0x00002294                cc2420_sfd_start_time
                0x00002296                cc2420_time_of_departure
                0x00002298                cc2420_time_of_arrival
                0x0000229a                cc2420_last_correlation
                0x0000229c                cc2420_authority_level_of_sender
                0x0000229e                cc2420_sfd_counter
                0x000022a0                cc2420_sfd_end_time
 COMMON         0x000022a2        0x2 contiki-sky.a(msp430.o)
                0x000022a2                msp430_dco_required
 COMMON         0x000022a4       0x56 contiki-sky.a(energest.o)
                0x000022a4                energest_total_time
                0x000022d4                energest_total_count
                0x000022d6                energest_current_mode
                0x000022e2                energest_current_time
 COMMON         0x000022fa        0x1 contiki-sky.a(process.o)
                0x000022fa                process_maxevents
 COMMON         0x000022fb        0x1 contiki-sky.a(serial-line.o)
                0x000022fb                serial_line_event_message
 COMMON         0x000022fc        0x2 contiki-sky.a(linkaddr.o)
                0x000022fc                linkaddr_node_addr
 COMMON         0x000022fe       0x3c contiki-sky.a(packetbuf.o)
                0x000022fe                packetbuf_addrs
                0x00002306                packetbuf_attrs
 COMMON         0x0000233a        0x8 contiki-sky.a(compower.o)
                0x0000233a                compower_idle_activity
                0x00002342                . = ALIGN (0x2)
                0x00002342                PROVIDE (__bss_end, .)
                0x000011d2                PROVIDE (__bss_size, SIZEOF (.bss))

.noinit         0x00002342        0x2 load address 0x00009180
                0x00002342                PROVIDE (__noinit_start, .)
 *(.noinit .noinit.*)
 .noinit.crt0   0x00002342        0x2 /usr/lib/gcc/msp430/4.6.3/mmpy-16/libcrt0.a(__watchdog_support.o)
                0x00002342                __wdt_clear_value
                0x00002344                . = ALIGN (0x2)
                0x00002344                PROVIDE (__noinit_end, .)
                0x00002344                . = ALIGN (0x2)
                0x00002344                _end = .

.infomem        0x00001000        0x0
 *(.infomem)
                0x00001000                . = ALIGN (0x2)
 *(.infomem.*)

.infomemnobits  0x00001000        0x0
 *(.infomemnobits)
                0x00001000                . = ALIGN (0x2)
 *(.infomemnobits.*)

.infoa
 *(.infoa .infoa.*)

.infob
 *(.infob .infob.*)

.infoc
 *(.infoc .infoc.*)

.infod
 *(.infod .infod.*)

.vectors        0x0000ffe0       0x20
                0x0000ffe0                PROVIDE (__vectors_start, .)
 *(.vectors*)
 .vectors       0x0000ffe0       0x20 /usr/lib/gcc/msp430/4.6.3/mmpy-16/crt0ivtbl16.o
                0x0000ffe0                __ivtbl_16
                0x00010000                _vectors_end = .

.fartext        0x00000000        0x0
                0x00000000                . = ALIGN (0x2)
 *(.fartext)
                0x00000000                . = ALIGN (0x2)
 *(.fartext.*)
                0x00000000                _efartext = .

.profiler
 *(.profiler)

.stab           0x00000000    0x19b30
 *(.stab)
 .stab          0x00000000     0x1290 Collector.co
 .stab          0x00001290     0x1074 obj_sky/contiki-sky-main.o
                               0x17ac (size before relaxing)
 .stab          0x00002304      0x258 contiki-sky.a(contiki-sky-pla)
                                0x5b8 (size before relaxing)
 .stab          0x0000255c      0x468 contiki-sky.a(button-sensor.o)
                                0x7d4 (size before relaxing)
 .stab          0x000029c4      0x624 contiki-sky.a(ds2411.o)
                                0xb40 (size before relaxing)
 .stab          0x00002fe8      0xa38 contiki-sky.a(xmem.o)
                                0xf60 (size before relaxing)
 .stab          0x00003a20      0x2b8 contiki-sky.a(node-id.o)
                                0x4e0 (size before relaxing)
 .stab          0x00003cd8      0x654 contiki-sky.a(sensors.o)
                                0xb70 (size before relaxing)
 .stab          0x0000432c     0x234c contiki-sky.a(cc2420.o)
                               0x2cc4 (size before relaxing)
 .stab          0x00006678      0x9d8 contiki-sky.a(cc2420-arch.o)
                               0x1404 (size before relaxing)
 .stab          0x00007050      0x60c contiki-sky.a(uart1.o)
                                0x960 (size before relaxing)
 .stab          0x0000765c      0x27c contiki-sky.a(uart1-putchar.o)
                                0x7bc (size before relaxing)
 .stab          0x000078d8      0x744 contiki-sky.a(msp430.o)
                                0xa98 (size before relaxing)
 .stab          0x0000801c      0x948 contiki-sky.a(clock.o)
                                0xc9c (size before relaxing)
 .stab          0x00008964      0x5dc contiki-sky.a(leds.o)
                                0x828 (size before relaxing)
 .stab          0x00008f40      0x3a8 contiki-sky.a(leds-arch.o)
                                0x6fc (size before relaxing)
 .stab          0x000092e8      0x3fc contiki-sky.a(watchdog.o)
                                0x750 (size before relaxing)
 .stab          0x000096e4      0x3cc contiki-sky.a(rtimer-arch.o)
                                0x720 (size before relaxing)
 .stab          0x00009ab0      0x294 contiki-sky.a(autostart.o)
                                0x534 (size before relaxing)
 .stab          0x00009d44      0x7a4 contiki-sky.a(ctimer.o)
                                0xb10 (size before relaxing)
 .stab          0x0000a4e8      0x474 contiki-sky.a(energest.o)
                                0x6fc (size before relaxing)
 .stab          0x0000a95c      0xa38 contiki-sky.a(etimer.o)
                                0xd08 (size before relaxing)
 .stab          0x0000b394      0xb7c contiki-sky.a(process.o)
                               0x1014 (size before relaxing)
 .stab          0x0000bf10      0x3d8 contiki-sky.a(rtimer.o)
                                0x6c0 (size before relaxing)
 .stab          0x0000c2e8      0x354 contiki-sky.a(timer.o)
                                0x594 (size before relaxing)
 .stab          0x0000c63c      0x534 contiki-sky.a(serial-line.o)
                                0xa50 (size before relaxing)
 .stab          0x0000cb70      0x7f8 contiki-sky.a(list.o)
                                0x804 (size before relaxing)
 .stab          0x0000d368      0x24c contiki-sky.a(random.o)
                                0x624 (size before relaxing)
 .stab          0x0000d5b4      0x3fc contiki-sky.a(ringbuf.o)
                                0x63c (size before relaxing)
 .stab          0x0000d9b0      0x6d8 contiki-sky.a(broadcast.o)
                               0x150c (size before relaxing)
 .stab          0x0000e088      0x678 contiki-sky.a(channel.o)
                               0x129c (size before relaxing)
 .stab          0x0000e700      0xcd8 contiki-sky.a(rime.o)
                               0x141c (size before relaxing)
 .stab          0x0000f3d8      0x624 contiki-sky.a(unicast.o)
                               0x129c (size before relaxing)
 .stab          0x0000f9fc      0xe04 contiki-sky.a(csma.o)
                               0x15b4 (size before relaxing)
 .stab          0x00010800      0x1f8 contiki-sky.a(mac.o)
                                0x4ec (size before relaxing)
 .stab          0x000109f8      0x2c4 contiki-sky.a(linkaddr.o)
                                0x6c0 (size before relaxing)
 .stab          0x00010cbc      0xda4 contiki-sky.a(packetbuf.o)
                               0x1bf0 (size before relaxing)
 .stab          0x00011a60      0xa5c contiki-sky.a(queuebuf.o)
                               0x1890 (size before relaxing)
 .stab          0x000124bc     0x16ec contiki-sky.a(contikimac.o)
                               0x22f8 (size before relaxing)
 .stab          0x00013ba8      0x6e4 contiki-sky.a(contikimac-fram)
                                0xf24 (size before relaxing)
 .stab          0x0001428c      0x6a8 contiki-sky.a(nullsec.o)
                                0xda4 (size before relaxing)
 .stab          0x00014934      0x204 contiki-sky.a(spi.o)
                                0x42c (size before relaxing)
 .stab          0x00014b38      0x51c contiki-sky.a(compower.o)
                                0xd20 (size before relaxing)
 .stab          0x00015054      0x5c4 contiki-sky.a(memb.o)
                                0xaf8 (size before relaxing)
 .stab          0x00015618      0x66c contiki-sky.a(abc.o)
                               0x14a0 (size before relaxing)
 .stab          0x00015c84      0x6e4 contiki-sky.a(announcement.o)
                                0x984 (size before relaxing)
 .stab          0x00016368      0x948 contiki-sky.a(broadcast-annou)
                               0x15c0 (size before relaxing)
 .stab          0x00016cb0      0x594 contiki-sky.a(chameleon.o)
                               0x123c (size before relaxing)
 .stab          0x00017244      0x930 contiki-sky.a(framer-802154.o)
                                0xf6c (size before relaxing)
 .stab          0x00017b74      0x318 contiki-sky.a(framer.o)
                                0xc54 (size before relaxing)
 .stab          0x00017e8c      0x600 contiki-sky.a(mac-sequence.o)
                               0x144c (size before relaxing)
 .stab          0x0001848c      0xd80 contiki-sky.a(chameleon-bitop)
                               0x19f8 (size before relaxing)
 .stab          0x0001920c      0x924 contiki-sky.a(frame802154.o)
                               0x10f8 (size before relaxing)

.stabstr        0x00000000    0x15f2b
 *(.stabstr)
 .stabstr       0x00000000    0x15f2b Collector.co

.stab.excl
 *(.stab.excl)

.stab.exclstr
 *(.stab.exclstr)

.stab.index
 *(.stab.index)

.stab.indexstr
 *(.stab.indexstr)

.comment
 *(.comment)

.debug
 *(.debug)

.line
 *(.line)

.debug_srcinfo
 *(.debug_srcinfo)

.debug_sfnames
 *(.debug_sfnames)

.debug_aranges  0x00000000      0x168
 *(.debug_aranges)
 .debug_aranges
                0x00000000       0x14 /usr/lib/gcc/msp430/4.6.3/mmpy-16/libgcc.a(_mulsi3.o)
 .debug_aranges
                0x00000014       0x14 /usr/lib/gcc/msp430/4.6.3/mmpy-16/libgcc.a(_udivmod32.o)
 .debug_aranges
                0x00000028       0x14 /usr/lib/gcc/msp430/4.6.3/../../../../msp430/lib/mmpy-16/libc.a(strncmp.o)
 .debug_aranges
                0x0000003c       0x14 /usr/lib/gcc/msp430/4.6.3/../../../../msp430/lib/mmpy-16/libc.a(memcmp.o)
 .debug_aranges
                0x00000050       0x14 /usr/lib/gcc/msp430/4.6.3/../../../../msp430/lib/mmpy-16/libc.a(memcpy.o)
 .debug_aranges
                0x00000064       0x14 /usr/lib/gcc/msp430/4.6.3/../../../../msp430/lib/mmpy-16/libc.a(memset.o)
 .debug_aranges
                0x00000078       0x14 /usr/lib/gcc/msp430/4.6.3/../../../../msp430/lib/mmpy-16/libc.a(printf.o)
 .debug_aranges
                0x0000008c       0x14 /usr/lib/gcc/msp430/4.6.3/../../../../msp430/lib/mmpy-16/libc.a(vuprintf.o)
 .debug_aranges
                0x000000a0       0x14 /usr/lib/gcc/msp430/4.6.3/../../../../msp430/lib/mmpy-16/libc.a(puts.o)
 .debug_aranges
                0x000000b4       0x14 /usr/lib/gcc/msp430/4.6.3/../../../../msp430/lib/mmpy-16/libc.a(rand.o)
 .debug_aranges
                0x000000c8       0x14 /usr/lib/gcc/msp430/4.6.3/mmpy-16/libgcc.a(_udivmod16.o)
 .debug_aranges
                0x000000dc       0x14 /usr/lib/gcc/msp430/4.6.3/mmpy-16/libgcc.a(_udivmod64.o)
 .debug_aranges
                0x000000f0       0x14 /usr/lib/gcc/msp430/4.6.3/mmpy-16/libcrt0.a(__watchdog_support.o)
 .debug_aranges
                0x00000104       0x14 /usr/lib/gcc/msp430/4.6.3/mmpy-16/libcrt0.a(__init_stack.o)
 .debug_aranges
                0x00000118       0x14 /usr/lib/gcc/msp430/4.6.3/mmpy-16/libcrt0.a(_copy_data.o)
 .debug_aranges
                0x0000012c       0x14 /usr/lib/gcc/msp430/4.6.3/mmpy-16/libcrt0.a(_clear_bss.o)
 .debug_aranges
                0x00000140       0x14 /usr/lib/gcc/msp430/4.6.3/mmpy-16/libcrt0.a(_endless_loop__.o)
 .debug_aranges
                0x00000154       0x14 /usr/lib/gcc/msp430/4.6.3/mmpy-16/libcrt0.a(_unexpected_.o)

.debug_pubnames
 *(.debug_pubnames)

.debug_info     0x00000000     0x139b
 *(.debug_info)
 .debug_info    0x00000000       0xd6 /usr/lib/gcc/msp430/4.6.3/mmpy-16/libgcc.a(_mulsi3.o)
 .debug_info    0x000000d6       0xd6 /usr/lib/gcc/msp430/4.6.3/mmpy-16/libgcc.a(_udivmod32.o)
 .debug_info    0x000001ac       0xbb /usr/lib/gcc/msp430/4.6.3/../../../../msp430/lib/mmpy-16/libc.a(strncmp.o)
 .debug_info    0x00000267       0xe8 /usr/lib/gcc/msp430/4.6.3/../../../../msp430/lib/mmpy-16/libc.a(memcmp.o)
 .debug_info    0x0000034f      0x113 /usr/lib/gcc/msp430/4.6.3/../../../../msp430/lib/mmpy-16/libc.a(memcpy.o)
 .debug_info    0x00000462       0xfe /usr/lib/gcc/msp430/4.6.3/../../../../msp430/lib/mmpy-16/libc.a(memset.o)
 .debug_info    0x00000560      0x105 /usr/lib/gcc/msp430/4.6.3/../../../../msp430/lib/mmpy-16/libc.a(printf.o)
 .debug_info    0x00000665      0x565 /usr/lib/gcc/msp430/4.6.3/../../../../msp430/lib/mmpy-16/libc.a(vuprintf.o)
 .debug_info    0x00000bca       0x96 /usr/lib/gcc/msp430/4.6.3/../../../../msp430/lib/mmpy-16/libc.a(puts.o)
 .debug_info    0x00000c60      0x13f /usr/lib/gcc/msp430/4.6.3/../../../../msp430/lib/mmpy-16/libc.a(rand.o)
 .debug_info    0x00000d9f       0xd6 /usr/lib/gcc/msp430/4.6.3/mmpy-16/libgcc.a(_udivmod16.o)
 .debug_info    0x00000e75       0xd6 /usr/lib/gcc/msp430/4.6.3/mmpy-16/libgcc.a(_udivmod64.o)
 .debug_info    0x00000f4b       0xb8 /usr/lib/gcc/msp430/4.6.3/mmpy-16/libcrt0.a(__watchdog_support.o)
 .debug_info    0x00001003       0xb8 /usr/lib/gcc/msp430/4.6.3/mmpy-16/libcrt0.a(__init_stack.o)
 .debug_info    0x000010bb       0xb8 /usr/lib/gcc/msp430/4.6.3/mmpy-16/libcrt0.a(_copy_data.o)
 .debug_info    0x00001173       0xb8 /usr/lib/gcc/msp430/4.6.3/mmpy-16/libcrt0.a(_clear_bss.o)
 .debug_info    0x0000122b       0xb8 /usr/lib/gcc/msp430/4.6.3/mmpy-16/libcrt0.a(_endless_loop__.o)
 .debug_info    0x000012e3       0xb8 /usr/lib/gcc/msp430/4.6.3/mmpy-16/libcrt0.a(_unexpected_.o)
 *(.gnu.linkonce.wi.*)

.debug_abbrev   0x00000000      0x721
 *(.debug_abbrev)
 .debug_abbrev  0x00000000       0x14 /usr/lib/gcc/msp430/4.6.3/mmpy-16/libgcc.a(_mulsi3.o)
 .debug_abbrev  0x00000014       0x14 /usr/lib/gcc/msp430/4.6.3/mmpy-16/libgcc.a(_udivmod32.o)
 .debug_abbrev  0x00000028       0x7c /usr/lib/gcc/msp430/4.6.3/../../../../msp430/lib/mmpy-16/libc.a(strncmp.o)
 .debug_abbrev  0x000000a4       0x9b /usr/lib/gcc/msp430/4.6.3/../../../../msp430/lib/mmpy-16/libc.a(memcmp.o)
 .debug_abbrev  0x0000013f       0x97 /usr/lib/gcc/msp430/4.6.3/../../../../msp430/lib/mmpy-16/libc.a(memcpy.o)
 .debug_abbrev  0x000001d6       0x9c /usr/lib/gcc/msp430/4.6.3/../../../../msp430/lib/mmpy-16/libc.a(memset.o)
 .debug_abbrev  0x00000272       0xd0 /usr/lib/gcc/msp430/4.6.3/../../../../msp430/lib/mmpy-16/libc.a(printf.o)
 .debug_abbrev  0x00000342      0x1ef /usr/lib/gcc/msp430/4.6.3/../../../../msp430/lib/mmpy-16/libc.a(vuprintf.o)
 .debug_abbrev  0x00000531       0x60 /usr/lib/gcc/msp430/4.6.3/../../../../msp430/lib/mmpy-16/libc.a(puts.o)
 .debug_abbrev  0x00000591       0xf0 /usr/lib/gcc/msp430/4.6.3/../../../../msp430/lib/mmpy-16/libc.a(rand.o)
 .debug_abbrev  0x00000681       0x14 /usr/lib/gcc/msp430/4.6.3/mmpy-16/libgcc.a(_udivmod16.o)
 .debug_abbrev  0x00000695       0x14 /usr/lib/gcc/msp430/4.6.3/mmpy-16/libgcc.a(_udivmod64.o)
 .debug_abbrev  0x000006a9       0x14 /usr/lib/gcc/msp430/4.6.3/mmpy-16/libcrt0.a(__watchdog_support.o)
 .debug_abbrev  0x000006bd       0x14 /usr/lib/gcc/msp430/4.6.3/mmpy-16/libcrt0.a(__init_stack.o)
 .debug_abbrev  0x000006d1       0x14 /usr/lib/gcc/msp430/4.6.3/mmpy-16/libcrt0.a(_copy_data.o)
 .debug_abbrev  0x000006e5       0x14 /usr/lib/gcc/msp430/4.6.3/mmpy-16/libcrt0.a(_clear_bss.o)
 .debug_abbrev  0x000006f9       0x14 /usr/lib/gcc/msp430/4.6.3/mmpy-16/libcrt0.a(_endless_loop__.o)
 .debug_abbrev  0x0000070d       0x14 /usr/lib/gcc/msp430/4.6.3/mmpy-16/libcrt0.a(_unexpected_.o)

.debug_line     0x00000000      0xc6f
 *(.debug_line)
 .debug_line    0x00000000       0xa3 /usr/lib/gcc/msp430/4.6.3/mmpy-16/libgcc.a(_mulsi3.o)
 .debug_line    0x000000a3       0xab /usr/lib/gcc/msp430/4.6.3/mmpy-16/libgcc.a(_udivmod32.o)
 .debug_line    0x0000014e       0x75 /usr/lib/gcc/msp430/4.6.3/../../../../msp430/lib/mmpy-16/libc.a(strncmp.o)
 .debug_line    0x000001c3       0x73 /usr/lib/gcc/msp430/4.6.3/../../../../msp430/lib/mmpy-16/libc.a(memcmp.o)
 .debug_line    0x00000236       0xe9 /usr/lib/gcc/msp430/4.6.3/../../../../msp430/lib/mmpy-16/libc.a(memcpy.o)
 .debug_line    0x0000031f       0xc8 /usr/lib/gcc/msp430/4.6.3/../../../../msp430/lib/mmpy-16/libc.a(memset.o)
 .debug_line    0x000003e7       0x72 /usr/lib/gcc/msp430/4.6.3/../../../../msp430/lib/mmpy-16/libc.a(printf.o)
 .debug_line    0x00000459      0x2d2 /usr/lib/gcc/msp430/4.6.3/../../../../msp430/lib/mmpy-16/libc.a(vuprintf.o)
 .debug_line    0x0000072b       0x4d /usr/lib/gcc/msp430/4.6.3/../../../../msp430/lib/mmpy-16/libc.a(puts.o)
 .debug_line    0x00000778       0x4f /usr/lib/gcc/msp430/4.6.3/../../../../msp430/lib/mmpy-16/libc.a(rand.o)
 .debug_line    0x000007c7       0x9c /usr/lib/gcc/msp430/4.6.3/mmpy-16/libgcc.a(_udivmod16.o)
 .debug_line    0x00000863       0xf1 /usr/lib/gcc/msp430/4.6.3/mmpy-16/libgcc.a(_udivmod64.o)
 .debug_line    0x00000954       0x84 /usr/lib/gcc/msp430/4.6.3/mmpy-16/libcrt0.a(__watchdog_support.o)
 .debug_line    0x000009d8       0x82 /usr/lib/gcc/msp430/4.6.3/mmpy-16/libcrt0.a(__init_stack.o)
 .debug_line    0x00000a5a       0x88 /usr/lib/gcc/msp430/4.6.3/mmpy-16/libcrt0.a(_copy_data.o)
 .debug_line    0x00000ae2       0x88 /usr/lib/gcc/msp430/4.6.3/mmpy-16/libcrt0.a(_clear_bss.o)
 .debug_line    0x00000b6a       0x83 /usr/lib/gcc/msp430/4.6.3/mmpy-16/libcrt0.a(_endless_loop__.o)
 .debug_line    0x00000bed       0x82 /usr/lib/gcc/msp430/4.6.3/mmpy-16/libcrt0.a(_unexpected_.o)

.debug_frame    0x00000000      0x1ec
 *(.debug_frame)
 .debug_frame   0x00000000       0x24 /usr/lib/gcc/msp430/4.6.3/../../../../msp430/lib/mmpy-16/libc.a(strncmp.o)
 .debug_frame   0x00000024       0x24 /usr/lib/gcc/msp430/4.6.3/../../../../msp430/lib/mmpy-16/libc.a(memcmp.o)
 .debug_frame   0x00000048       0x38 /usr/lib/gcc/msp430/4.6.3/../../../../msp430/lib/mmpy-16/libc.a(memcpy.o)
 .debug_frame   0x00000080       0x32 /usr/lib/gcc/msp430/4.6.3/../../../../msp430/lib/mmpy-16/libc.a(memset.o)
 .debug_frame   0x000000b2       0x2a /usr/lib/gcc/msp430/4.6.3/../../../../msp430/lib/mmpy-16/libc.a(printf.o)
 .debug_frame   0x000000dc       0xb0 /usr/lib/gcc/msp430/4.6.3/../../../../msp430/lib/mmpy-16/libc.a(vuprintf.o)
 .debug_frame   0x0000018c       0x24 /usr/lib/gcc/msp430/4.6.3/../../../../msp430/lib/mmpy-16/libc.a(puts.o)
 .debug_frame   0x000001b0       0x3c /usr/lib/gcc/msp430/4.6.3/../../../../msp430/lib/mmpy-16/libc.a(rand.o)

.debug_str      0x00000000      0x3dc
 *(.debug_str)
 .debug_str     0x00000000       0xc4 /usr/lib/gcc/msp430/4.6.3/../../../../msp430/lib/mmpy-16/libc.a(strncmp.o)
                                 0xfd (size before relaxing)
 .debug_str     0x000000c4       0x19 /usr/lib/gcc/msp430/4.6.3/../../../../msp430/lib/mmpy-16/libc.a(memcmp.o)
                                 0xfb (size before relaxing)
 .debug_str     0x000000dd       0x34 /usr/lib/gcc/msp430/4.6.3/../../../../msp430/lib/mmpy-16/libc.a(memcpy.o)
                                0x116 (size before relaxing)
 .debug_str     0x00000111       0x26 /usr/lib/gcc/msp430/4.6.3/../../../../msp430/lib/mmpy-16/libc.a(memset.o)
                                0x114 (size before relaxing)
 .debug_str     0x00000137       0x40 /usr/lib/gcc/msp430/4.6.3/../../../../msp430/lib/mmpy-16/libc.a(printf.o)
                                0x12a (size before relaxing)
 .debug_str     0x00000177      0x221 /usr/lib/gcc/msp430/4.6.3/../../../../msp430/lib/mmpy-16/libc.a(vuprintf.o)
                                0x375 (size before relaxing)
 .debug_str     0x00000398       0x15 /usr/lib/gcc/msp430/4.6.3/../../../../msp430/lib/mmpy-16/libc.a(puts.o)
                                 0xf0 (size before relaxing)
 .debug_str     0x000003ad       0x2f /usr/lib/gcc/msp430/4.6.3/../../../../msp430/lib/mmpy-16/libc.a(rand.o)
                                0x10f (size before relaxing)

.debug_loc      0x00000000      0xaf3
 *(.debug_loc)
 .debug_loc     0x00000000       0x38 /usr/lib/gcc/msp430/4.6.3/../../../../msp430/lib/mmpy-16/libc.a(strncmp.o)
 .debug_loc     0x00000038       0x5e /usr/lib/gcc/msp430/4.6.3/../../../../msp430/lib/mmpy-16/libc.a(memcmp.o)
 .debug_loc     0x00000096      0x1e9 /usr/lib/gcc/msp430/4.6.3/../../../../msp430/lib/mmpy-16/libc.a(memcpy.o)
 .debug_loc     0x0000027f       0xdb /usr/lib/gcc/msp430/4.6.3/../../../../msp430/lib/mmpy-16/libc.a(memset.o)
 .debug_loc     0x0000035a       0x38 /usr/lib/gcc/msp430/4.6.3/../../../../msp430/lib/mmpy-16/libc.a(printf.o)
 .debug_loc     0x00000392      0x70c /usr/lib/gcc/msp430/4.6.3/../../../../msp430/lib/mmpy-16/libc.a(vuprintf.o)
 .debug_loc     0x00000a9e       0x26 /usr/lib/gcc/msp430/4.6.3/../../../../msp430/lib/mmpy-16/libc.a(puts.o)
 .debug_loc     0x00000ac4       0x2f /usr/lib/gcc/msp430/4.6.3/../../../../msp430/lib/mmpy-16/libc.a(rand.o)

.debug_macinfo
 *(.debug_macinfo)

.debug_pubtypes
 *(.debug_pubtypes)

.debug_ranges   0x00000000       0x18
 *(.debug_ranges)
 .debug_ranges  0x00000000       0x18 /usr/lib/gcc/msp430/4.6.3/../../../../msp430/lib/mmpy-16/libc.a(vuprintf.o)
                0x00003900                PROVIDE (__stack, (ORIGIN (ram) + 0x2800))
                0x00009110                PROVIDE (__data_start_rom, _etext)
                0x00009180                PROVIDE (__data_end_rom, (_etext + SIZEOF (.data)))
OUTPUT(Collector.sky elf32-msp430)
